Component: ARM Compiler 5.06 update 7 (build 960) Tool: armlink [4d3601]

==============================================================================

Section Cross References

    gd32f4xx_it.o(i.SDIO_IRQHandler) refers to sdcard.o(i.sd_interrupts_process) for sd_interrupts_process
    gd32f4xx_it.o(i.SysTick_Handler) refers to systick.o(i.delay_decrement) for delay_decrement
    main.o(.rev16_text) refers (Special) to systick_wrapper_ual.o(.text) for __ensure_systick_wrapper
    main.o(.revsh_text) refers (Special) to systick_wrapper_ual.o(.text) for __ensure_systick_wrapper
    main.o(.rrx_text) refers (Special) to systick_wrapper_ual.o(.text) for __ensure_systick_wrapper
    main.o(i.main) refers (Special) to systick_wrapper_ual.o(.text) for __ensure_systick_wrapper
    main.o(i.main) refers to systick.o(i.systick_config) for systick_config
    main.o(i.main) refers to perf_counter.o(i.init_cycle_counter) for init_cycle_counter
    main.o(i.main) refers to perf_counter.o(i.delay_ms) for delay_ms
    main.o(i.main) refers to led.o(i.LED_Init) for LED_Init
    main.o(i.main) refers to usart.o(i.USART0_Config) for USART0_Config
    main.o(i.main) refers to oled.o(i.OLED_Init) for OLED_Init
    main.o(i.main) refers to adc.o(i.ADC_port_init) for ADC_port_init
    main.o(i.main) refers to scheduler.o(i.scheduler_init) for scheduler_init
    main.o(i.main) refers to scheduler.o(i.scheduler_run) for scheduler_run
    systick.o(i.delay_1ms) refers to systick.o(.data) for delay
    systick.o(i.delay_decrement) refers to systick.o(.data) for delay
    systick.o(i.systick_config) refers to systick.o(i.__NVIC_SetPriority) for __NVIC_SetPriority
    systick.o(i.systick_config) refers to system_gd32f4xx.o(.data) for SystemCoreClock
    function.o(.rev16_text) refers (Special) to systick_wrapper_ual.o(.text) for __ensure_systick_wrapper
    function.o(.revsh_text) refers (Special) to systick_wrapper_ual.o(.text) for __ensure_systick_wrapper
    function.o(.rrx_text) refers (Special) to systick_wrapper_ual.o(.text) for __ensure_systick_wrapper
    function.o(i.adc_proc) refers (Special) to systick_wrapper_ual.o(.text) for __ensure_systick_wrapper
    function.o(i.adc_proc) refers to gd32f4xx_adc.o(i.adc_flag_clear) for adc_flag_clear
    function.o(i.adc_proc) refers to gd32f4xx_adc.o(i.adc_flag_get) for adc_flag_get
    function.o(i.adc_proc) refers to dflti.o(.text) for __aeabi_i2d
    function.o(i.adc_proc) refers to dmul.o(.text) for __aeabi_dmul
    function.o(i.adc_proc) refers to ddiv.o(.text) for __aeabi_ddiv
    function.o(i.adc_proc) refers to d2f.o(.text) for __aeabi_d2f
    function.o(i.adc_proc) refers to f2d.o(.text) for __aeabi_f2d
    function.o(i.adc_proc) refers to printfa.o(i.__0printf) for __2printf
    function.o(i.adc_proc) refers to systick.o(i.delay_1ms) for delay_1ms
    function.o(i.adc_proc) refers to function.o(.data) for adc_value
    function.o(i.facard_proc) refers (Special) to systick_wrapper_ual.o(.text) for __ensure_systick_wrapper
    function.o(i.facard_proc) refers to diskio.o(i.disk_initialize) for disk_initialize
    function.o(i.facard_proc) refers to printfa.o(i.__0printf) for __2printf
    function.o(i.facard_proc) refers to ff.o(i.f_mount) for f_mount
    function.o(i.facard_proc) refers to ff.o(i.f_open) for f_open
    function.o(i.facard_proc) refers to function.o(i.write_file) for write_file
    function.o(i.facard_proc) refers to ff.o(i.f_write) for f_write
    function.o(i.facard_proc) refers to ff.o(i.f_close) for f_close
    function.o(i.facard_proc) refers to ff.o(i.f_read) for f_read
    function.o(i.facard_proc) refers to function.o(i.memory_compare) for memory_compare
    function.o(i.facard_proc) refers to function.o(.bss) for fs
    function.o(i.facard_proc) refers to function.o(.data) for result
    function.o(i.led_proc) refers (Special) to systick_wrapper_ual.o(.text) for __ensure_systick_wrapper
    function.o(i.led_proc) refers to led.o(i.led_disp) for led_disp
    function.o(i.led_proc) refers to function.o(.data) for ucled
    function.o(i.memory_compare) refers (Special) to systick_wrapper_ual.o(.text) for __ensure_systick_wrapper
    function.o(i.nvic_config) refers (Special) to systick_wrapper_ual.o(.text) for __ensure_systick_wrapper
    function.o(i.nvic_config) refers to gd32f4xx_misc.o(i.nvic_priority_group_set) for nvic_priority_group_set
    function.o(i.nvic_config) refers to gd32f4xx_misc.o(i.nvic_irq_enable) for nvic_irq_enable
    function.o(i.oled_proc) refers (Special) to systick_wrapper_ual.o(.text) for __ensure_systick_wrapper
    function.o(i.oled_proc) refers to oled_app.o(i.oled_printf) for oled_printf
    function.o(i.oled_proc) refers to perf_counter.o(i.get_system_ms) for get_system_ms
    function.o(i.oled_proc) refers to oled.o(i.OLED_Refresh) for OLED_Refresh
    function.o(i.oled_proc) refers to function.o(.data) for adc_value
[...]
    ..\Drivers\ADC\adc.c                     0x00000000   Number         0  adc.o ABSOLUTE
    ..\Drivers\LED\LED.c                     0x00000000   Number         0  led.o ABSOLUTE
    ..\Drivers\RTC\RTC.c                     0x00000000   Number         0  rtc.o ABSOLUTE
    ..\Drivers\SDCARD\sdcard.c               0x00000000   Number         0  sdcard.o ABSOLUTE
    ..\Drivers\SPI_FLASH\SPI_FLASH.c         0x00000000   Number         0  spi_flash.o ABSOLUTE
    ..\Drivers\USART\USART.c                 0x00000000   Number         0  usart.o ABSOLUTE
    ..\Fatfs\diskio.c                        0x00000000   Number         0  diskio.o ABSOLUTE
    ..\Fatfs\ff.c                            0x00000000   Number         0  ff.o ABSOLUTE
    ..\Function\Function.c                   0x00000000   Number         0  function.o ABSOLUTE
    ..\Interface\OLED\OLED.c                 0x00000000   Number         0  oled.o ABSOLUTE
    ..\Library\GD32F4xx_standard_peripheral\Source\gd32f4xx_adc.c 0x00000000   Number         0  gd32f4xx_adc.o ABSOLUTE
    ..\Library\GD32F4xx_standard_peripheral\Source\gd32f4xx_can.c 0x00000000   Number         0  gd32f4xx_can.o ABSOLUTE
    ..\Library\GD32F4xx_standard_peripheral\Source\gd32f4xx_crc.c 0x00000000   Number         0  gd32f4xx_crc.o ABSOLUTE
    ..\Library\GD32F4xx_standard_peripheral\Source\gd32f4xx_ctc.c 0x00000000   Number         0  gd32f4xx_ctc.o ABSOLUTE
    ..\Library\GD32F4xx_standard_peripheral\Source\gd32f4xx_dac.c 0x00000000   Number         0  gd32f4xx_dac.o ABSOLUTE
    ..\Library\GD32F4xx_standard_peripheral\Source\gd32f4xx_dbg.c 0x00000000   Number         0  gd32f4xx_dbg.o ABSOLUTE
    ..\Library\GD32F4xx_standard_peripheral\Source\gd32f4xx_dci.c 0x00000000   Number         0  gd32f4xx_dci.o ABSOLUTE
    ..\Library\GD32F4xx_standard_peripheral\Source\gd32f4xx_dma.c 0x00000000   Number         0  gd32f4xx_dma.o ABSOLUTE
    ..\Library\GD32F4xx_standard_peripheral\Source\gd32f4xx_enet.c 0x00000000   Number         0  gd32f4xx_enet.o ABSOLUTE
    ..\Library\GD32F4xx_standard_peripheral\Source\gd32f4xx_exmc.c 0x00000000   Number         0  gd32f4xx_exmc.o ABSOLUTE
    ..\Library\GD32F4xx_standard_peripheral\Source\gd32f4xx_exti.c 0x00000000   Number         0  gd32f4xx_exti.o ABSOLUTE
    ..\Library\GD32F4xx_standard_peripheral\Source\gd32f4xx_fmc.c 0x00000000   Number         0  gd32f4xx_fmc.o ABSOLUTE
    ..\Library\GD32F4xx_standard_peripheral\Source\gd32f4xx_fwdgt.c 0x00000000   Number         0  gd32f4xx_fwdgt.o ABSOLUTE
    ..\Library\GD32F4xx_standard_peripheral\Source\gd32f4xx_gpio.c 0x00000000   Number         0  gd32f4xx_gpio.o ABSOLUTE
    ..\Library\GD32F4xx_standard_peripheral\Source\gd32f4xx_i2c.c 0x00000000   Number         0  gd32f4xx_i2c.o ABSOLUTE
    ..\Library\GD32F4xx_standard_peripheral\Source\gd32f4xx_ipa.c 0x00000000   Number         0  gd32f4xx_ipa.o ABSOLUTE
    ..\Library\GD32F4xx_standard_peripheral\Source\gd32f4xx_iref.c 0x00000000   Number         0  gd32f4xx_iref.o ABSOLUTE
    ..\Library\GD32F4xx_standard_peripheral\Source\gd32f4xx_misc.c 0x00000000   Number         0  gd32f4xx_misc.o ABSOLUTE
    ..\Library\GD32F4xx_standard_peripheral\Source\gd32f4xx_pmu.c 0x00000000   Number         0  gd32f4xx_pmu.o ABSOLUTE
    ..\Library\GD32F4xx_standard_peripheral\Source\gd32f4xx_rcu.c 0x00000000   Number         0  gd32f4xx_rcu.o ABSOLUTE
    ..\Library\GD32F4xx_standard_peripheral\Source\gd32f4xx_rtc.c 0x00000000   Number         0  gd32f4xx_rtc.o ABSOLUTE
    ..\Library\GD32F4xx_standard_peripheral\Source\gd32f4xx_sdio.c 0x00000000   Number         0  gd32f4xx_sdio.o ABSOLUTE
    ..\Library\GD32F4xx_standard_peripheral\Source\gd32f4xx_spi.c 0x00000000   Number         0  gd32f4xx_spi.o ABSOLUTE
    ..\Library\GD32F4xx_standard_peripheral\Source\gd32f4xx_syscfg.c 0x00000000   Number         0  gd32f4xx_syscfg.o ABSOLUTE
    ..\Library\GD32F4xx_standard_peripheral\Source\gd32f4xx_timer.c 0x00000000   Number         0  gd32f4xx_timer.o ABSOLUTE
    ..\Library\GD32F4xx_standard_peripheral\Source\gd32f4xx_tli.c 0x00000000   Number         0  gd32f4xx_tli.o ABSOLUTE
    ..\Library\GD32F4xx_standard_peripheral\Source\gd32f4xx_trng.c 0x00000000   Number         0  gd32f4xx_trng.o ABSOLUTE
    ..\Library\GD32F4xx_standard_peripheral\Source\gd32f4xx_usart.c 0x00000000   Number         0  gd32f4xx_usart.o ABSOLUTE
    ..\Library\GD32F4xx_standard_peripheral\Source\gd32f4xx_wwdgt.c 0x00000000   Number         0  gd32f4xx_wwdgt.o ABSOLUTE
    ..\User\gd32f4xx_it.c                    0x00000000   Number         0  gd32f4xx_it.o ABSOLUTE
    ..\User\main.c                           0x00000000   Number         0  main.o ABSOLUTE
    ..\User\systick.c                        0x00000000   Number         0  systick.o ABSOLUTE
    ..\\App\\oled_App.c                      0x00000000   Number         0  oled_app.o ABSOLUTE
    ..\\App\\scheduler.c                     0x00000000   Number         0  scheduler.o ABSOLUTE
    ..\\CMSIS\\GD\\GD32F4xx\\Source\\system_gd32f4xx.c 0x00000000   Number         0  system_gd32f4xx.o ABSOLUTE
    ..\\Drivers\\ADC\\adc.c                  0x00000000   Number         0  adc.o ABSOLUTE
    ..\\Drivers\\LED\\LED.c                  0x00000000   Number         0  led.o ABSOLUTE
    ..\\Drivers\\RTC\\RTC.c                  0x00000000   Number         0  rtc.o ABSOLUTE
    ..\\Drivers\\SDCARD\\sdcard.c            0x00000000   Number         0  sdcard.o ABSOLUTE
    ..\\Drivers\\SPI_FLASH\\SPI_FLASH.c      0x00000000   Number         0  spi_flash.o ABSOLUTE
    ..\\Drivers\\USART\\USART.c              0x00000000   Number         0  usart.o ABSOLUTE
    ..\\Fatfs\\diskio.c                      0x00000000   Number         0  diskio.o ABSOLUTE
    ..\\Function\\Function.c                 0x00000000   Number         0  function.o ABSOLUTE
    ..\\Interface\\OLED\\OLED.c              0x00000000   Number         0  oled.o ABSOLUTE
    ..\\Library\\GD32F4xx_standard_peripheral\\Source\\gd32f4xx_adc.c 0x00000000   Number         0  gd32f4xx_adc.o ABSOLUTE
    ..\\Library\\GD32F4xx_standard_peripheral\\Source\\gd32f4xx_can.c 0x00000000   Number         0  gd32f4xx_can.o ABSOLUTE
    ..\\Library\\GD32F4xx_standard_peripheral\\Source\\gd32f4xx_crc.c 0x00000000   Number         0  gd32f4xx_crc.o ABSOLUTE
    ..\\Library\\GD32F4xx_standard_peripheral\\Source\\gd32f4xx_ctc.c 0x00000000   Number         0  gd32f4xx_ctc.o ABSOLUTE
    ..\\Library\\GD32F4xx_standard_peripheral\\Source\\gd32f4xx_dac.c 0x00000000   Number         0  gd32f4xx_dac.o ABSOLUTE
    ..\\Library\\GD32F4xx_standard_peripheral\\Source\\gd32f4xx_dbg.c 0x00000000   Number         0  gd32f4xx_dbg.o ABSOLUTE
    ..\\Library\\GD32F4xx_standard_peripheral\\Source\\gd32f4xx_dci.c 0x00000000   Number         0  gd32f4xx_dci.o ABSOLUTE
    ..\\Library\\GD32F4xx_standard_peripheral\\Source\\gd32f4xx_dma.c 0x00000000   Number         0  gd32f4xx_dma.o ABSOLUTE
    ..\\Library\\GD32F4xx_standard_peripheral\\Source\\gd32f4xx_enet.c 0x00000000   Number         0  gd32f4xx_enet.o ABSOLUTE
    ..\\Library\\GD32F4xx_standard_peripheral\\Source\\gd32f4xx_exmc.c 0x00000000   Number         0  gd32f4xx_exmc.o ABSOLUTE
    ..\\Library\\GD32F4xx_standard_peripheral\\Source\\gd32f4xx_exti.c 0x00000000   Number         0  gd32f4xx_exti.o ABSOLUTE
    ..\\Library\\GD32F4xx_standard_peripheral\\Source\\gd32f4xx_fmc.c 0x00000000   Number         0  gd32f4xx_fmc.o ABSOLUTE
    ..\\Library\\GD32F4xx_standard_peripheral\\Source\\gd32f4xx_fwdgt.c 0x00000000   Number         0  gd32f4xx_fwdgt.o ABSOLUTE
    ..\\Library\\GD32F4xx_standard_peripheral\\Source\\gd32f4xx_gpio.c 0x00000000   Number         0  gd32f4xx_gpio.o ABSOLUTE
    ..\\Library\\GD32F4xx_standard_peripheral\\Source\\gd32f4xx_i2c.c 0x00000000   Number         0  gd32f4xx_i2c.o ABSOLUTE
    ..\\Library\\GD32F4xx_standard_peripheral\\Source\\gd32f4xx_ipa.c 0x00000000   Number         0  gd32f4xx_ipa.o ABSOLUTE
    ..\\Library\\GD32F4xx_standard_peripheral\\Source\\gd32f4xx_iref.c 0x00000000   Number         0  gd32f4xx_iref.o ABSOLUTE
    ..\\Library\\GD32F4xx_standard_peripheral\\Source\\gd32f4xx_misc.c 0x00000000   Number         0  gd32f4xx_misc.o ABSOLUTE
    ..\\Library\\GD32F4xx_standard_peripheral\\Source\\gd32f4xx_pmu.c 0x00000000   Number         0  gd32f4xx_pmu.o ABSOLUTE
    ..\\Library\\GD32F4xx_standard_peripheral\\Source\\gd32f4xx_rcu.c 0x00000000   Number         0  gd32f4xx_rcu.o ABSOLUTE
    ..\\Library\\GD32F4xx_standard_peripheral\\Source\\gd32f4xx_rtc.c 0x00000000   Number         0  gd32f4xx_rtc.o ABSOLUTE
    ..\\Library\\GD32F4xx_standard_peripheral\\Source\\gd32f4xx_sdio.c 0x00000000   Number         0  gd32f4xx_sdio.o ABSOLUTE
    ..\\Library\\GD32F4xx_standard_peripheral\\Source\\gd32f4xx_spi.c 0x00000000   Number         0  gd32f4xx_spi.o ABSOLUTE
    ..\\Library\\GD32F4xx_standard_peripheral\\Source\\gd32f4xx_syscfg.c 0x00000000   Number         0  gd32f4xx_syscfg.o ABSOLUTE
    ..\\Library\\GD32F4xx_standard_peripheral\\Source\\gd32f4xx_timer.c 0x00000000   Number         0  gd32f4xx_timer.o ABSOLUTE
    ..\\Library\\GD32F4xx_standard_peripheral\\Source\\gd32f4xx_tli.c 0x00000000   Number         0  gd32f4xx_tli.o ABSOLUTE
    ..\\Library\\GD32F4xx_standard_peripheral\\Source\\gd32f4xx_trng.c 0x00000000   Number         0  gd32f4xx_trng.o ABSOLUTE
    ..\\Library\\GD32F4xx_standard_peripheral\\Source\\gd32f4xx_usart.c 0x00000000   Number         0  gd32f4xx_usart.o ABSOLUTE
    ..\\Library\\GD32F4xx_standard_peripheral\\Source\\gd32f4xx_wwdgt.c 0x00000000   Number         0  gd32f4xx_wwdgt.o ABSOLUTE
    ..\\User\\gd32f4xx_it.c                  0x00000000   Number         0  gd32f4xx_it.o ABSOLUTE
    ..\\User\\main.c                         0x00000000   Number         0  main.o ABSOLUTE
    ..\\User\\systick.c                      0x00000000   Number         0  systick.o ABSOLUTE
    D:/programFile/MDK/Pack/GorgonMeducer/perf_counter/2.3.3/perf_counter.c 0x00000000   Number         0  perf_counter.o ABSOLUTE
    D:/programFile/MDK/Pack/GorgonMeducer/perf_counter/2.3.3/perfc_port_default.c 0x00000000   Number         0  perfc_port_default.o ABSOLUTE
    D:/programFile/MDK/Pack/GorgonMeducer/perf_counter/2.3.3/systick_wrapper_ual.s 0x00000000   Number         0  systick_wrapper_ual.o ABSOLUTE
    D:\programFile\MDK\Pack\GorgonMeducer\perf_counter\2.3.3\perf_counter.c 0x00000000   Number         0  perf_counter.o ABSOLUTE
    D:\programFile\MDK\Pack\GorgonMeducer\perf_counter\2.3.3\perfc_port_default.c 0x00000000   Number         0  perfc_port_default.o ABSOLUTE
    cdrcmple.s                               0x00000000   Number         0  cdrcmple.o ABSOLUTE
    dc.s                                     0x00000000   Number         0  dc.o ABSOLUTE
    handlers.s                               0x00000000   Number         0  handlers.o ABSOLUTE
    init.s                                   0x00000000   Number         0  init.o ABSOLUTE
    RESET                                    0x08000000   Section      428  startup_gd32f450_470.o(RESET)
    .ARM.Collect$$$$00000000                 0x080001ac   Section        0  entry.o(.ARM.Collect$$$$00000000)
    .ARM.Collect$$$$00000001                 0x080001ac   Section        4  entry2.o(.ARM.Collect$$$$00000001)
    .ARM.Collect$$$$00000004                 0x080001b0   Section        4  entry5.o(.ARM.Collect$$$$00000004)
    .ARM.Collect$$$$00000008                 0x080001b4   Section        0  entry7b.o(.ARM.Collect$$$$00000008)
    .ARM.Collect$$$$00000009                 0x080001b4   Section        4  entry8a.o(.ARM.Collect$$$$00000009)
    .ARM.Collect$$$$0000000A                 0x080001b8   Section        0  entry8b.o(.ARM.Collect$$$$0000000A)
    .ARM.Collect$$$$0000000B                 0x080001b8   Section        8  entry9a.o(.ARM.Collect$$$$0000000B)
    .ARM.Collect$$$$0000000E                 0x080001c0   Section        4  entry12b.o(.ARM.Collect$$$$0000000E)
    .ARM.Collect$$$$0000000F                 0x080001c4   Section        0  entry10a.o(.ARM.Collect$$$$0000000F)
    .ARM.Collect$$$$00000011                 0x080001c4   Section        0  entry11a.o(.ARM.Collect$$$$00000011)
    .ARM.Collect$$$$00002712                 0x080001c4   Section        4  entry2.o(.ARM.Collect$$$$00002712)
    __lit__00000000                          0x080001c4   Data           4  entry2.o(.ARM.Collect$$$$00002712)
    .text                                    0x080001c8   Section       36  startup_gd32f450_470.o(.text)
    $v0                                      0x080001c8   Number         0  startup_gd32f450_470.o(.text)
    .text                                    0x080001ec   Section       32  systick_wrapper_ual.o(.text)
    $v0                                      0x080001ec   Number         0  systick_wrapper_ual.o(.text)
    .text                                    0x0800020c   Section        0  ldiv.o(.text)
    .text                                    0x08000270   Section        0  cpp_init.o(.text)
    .text                                    0x08000290   Section        0  dmul.o(.text)
    .text                                    0x08000374   Section        0  ddiv.o(.text)
    .text                                    0x08000452   Section        0  dflti.o(.text)
    .text                                    0x08000474   Section        0  f2d.o(.text)
    .text                                    0x0800049a   Section        0  d2f.o(.text)
    .text                                    0x080004d2   Section        0  uidiv.o(.text)
    .text                                    0x080004fe   Section        0  uldiv.o(.text)
    .text                                    0x08000560   Section        0  iusefp.o(.text)
    .text                                    0x08000560   Section        0  fepilogue.o(.text)
    .text                                    0x080005ce   Section        0  depilogue.o(.text)
    .text                                    0x08000688   Section        0  dadd.o(.text)
    .text                                    0x080007d6   Section        0  dfixul.o(.text)
    .text                                    0x08000808   Section       48  cdrcmple.o(.text)
    .text                                    0x08000838   Section       36  init.o(.text)
    .text                                    0x0800085c   Section        0  llshl.o(.text)
    .text                                    0x0800087a   Section        0  llushr.o(.text)
    .text                                    0x0800089a   Section        0  llsshr.o(.text)
    i.ADC_Init                               0x080008c0   Section        0  adc.o(i.ADC_Init)
    i.ADC_port_init                          0x0800091c   Section        0  adc.o(i.ADC_port_init)
    i.BusFault_Handler                       0x08000958   Section        0  gd32f4xx_it.o(i.BusFault_Handler)
    i.DebugMon_Handler                       0x0800095c   Section        0  gd32f4xx_it.o(i.DebugMon_Handler)
    i.HardFault_Handler                      0x0800095e   Section        0  gd32f4xx_it.o(i.HardFault_Handler)
    i.I2C_Start                              0x08000964   Section        0  oled.o(i.I2C_Start)
    i.I2C_Stop                               0x080009bc   Section        0  oled.o(i.I2C_Stop)
    i.I2C_WaitAck                            0x08000a04   Section        0  oled.o(i.I2C_WaitAck)
    i.IIC_delay                              0x08000a7c   Section        0  oled.o(i.IIC_delay)
    i.LED_Init                               0x08000a8c   Section        0  led.o(i.LED_Init)
    i.MemManage_Handler                      0x08000af0   Section        0  gd32f4xx_it.o(i.MemManage_Handler)
    i.NMI_Handler                            0x08000af4   Section        0  gd32f4xx_it.o(i.NMI_Handler)
    i.OLED_Clear                             0x08000af8   Section        0  oled.o(i.OLED_Clear)
    i.OLED_ClearPoint                        0x08000b28   Section        0  oled.o(i.OLED_ClearPoint)
    i.OLED_DrawPoint                         0x08000b88   Section        0  oled.o(i.OLED_DrawPoint)
    i.OLED_Init                              0x08000bc4   Section        0  oled.o(i.OLED_Init)
    i.OLED_Refresh                           0x08000d0c   Section        0  oled.o(i.OLED_Refresh)
    i.OLED_ShowChar                          0x08000d58   Section        0  oled.o(i.OLED_ShowChar)
    i.OLED_ShowString                        0x08000e54   Section        0  oled.o(i.OLED_ShowString)
    i.OLED_WR_Byte                           0x08000e96   Section        0  oled.o(i.OLED_WR_Byte)
    i.PendSV_Handler                         0x08000ece   Section        0  gd32f4xx_it.o(i.PendSV_Handler)
    i.SDIO_IRQHandler                        0x08000ed0   Section        0  gd32f4xx_it.o(i.SDIO_IRQHandler)
    i.SVC_Handler                            0x08000ed8   Section        0  gd32f4xx_it.o(i.SVC_Handler)
    i.Send_Byte                              0x08000edc   Section        0  oled.o(i.Send_Byte)
    i.SysTick_Handler                        0x08000f38   Section        0  gd32f4xx_it.o(i.SysTick_Handler)
    i.SystemInit                             0x08000f40   Section        0  system_gd32f4xx.o(i.SystemInit)
    i.USART0_Config                          0x08001014   Section        0  usart.o(i.USART0_Config)
    i.USART0_IRQHandler                      0x080010c0   Section        0  usart.o(i.USART0_IRQHandler)
    i.UsageFault_Handler                     0x08001138   Section        0  gd32f4xx_it.o(i.UsageFault_Handler)
    i.__0printf                              0x0800113c   Section        0  printfa.o(i.__0printf)
    i.__0vsnprintf                           0x0800115c   Section        0  printfa.o(i.__0vsnprintf)
    i.__NVIC_SetPriority                     0x08001190   Section        0  systick.o(i.__NVIC_SetPriority)
    __NVIC_SetPriority                       0x08001191   Thumb Code    32  systick.o(i.__NVIC_SetPriority)
    i.__perf_counter_init                    0x080011b8   Section        0  perf_counter.o(i.__perf_counter_init)
    i.__perf_os_patch_init                   0x080011c2   Section        0  perf_counter.o(i.__perf_os_patch_init)
    i.__scatterload_copy                     0x080011c4   Section       14  handlers.o(i.__scatterload_copy)
    i.__scatterload_null                     0x080011d2   Section        2  handlers.o(i.__scatterload_null)
    i.__scatterload_zeroinit                 0x080011d4   Section       14  handlers.o(i.__scatterload_zeroinit)
    i._fp_digits                             0x080011e4   Section        0  printfa.o(i._fp_digits)
    _fp_digits                               0x080011e5   Thumb Code   366  printfa.o(i._fp_digits)
    i._printf_core                           0x08001368   Section        0  printfa.o(i._printf_core)
    _printf_core                             0x08001369   Thumb Code  1704  printfa.o(i._printf_core)
    i._printf_post_padding                   0x08001a1c   Section        0  printfa.o(i._printf_post_padding)
    _printf_post_padding                     0x08001a1d   Thumb Code    36  printfa.o(i._printf_post_padding)
    i._printf_pre_padding                    0x08001a40   Section        0  printfa.o(i._printf_pre_padding)
    _printf_pre_padding                      0x08001a41   Thumb Code    46  printfa.o(i._printf_pre_padding)
    i._snputc                                0x08001a6e   Section        0  printfa.o(i._snputc)
    _snputc                                  0x08001a6f   Thumb Code    22  printfa.o(i._snputc)
    i.adc_calibration_enable                 0x08001a84   Section        0  gd32f4xx_adc.o(i.adc_calibration_enable)
    i.adc_channel_length_config              0x08001aae   Section        0  gd32f4xx_adc.o(i.adc_channel_length_config)
    i.adc_clock_config                       0x08001b00   Section        0  gd32f4xx_adc.o(i.adc_clock_config)
    i.adc_data_alignment_config              0x08001b24   Section        0  gd32f4xx_adc.o(i.adc_data_alignment_config)
    i.adc_deinit                             0x08001b3a   Section        0  gd32f4xx_adc.o(i.adc_deinit)
    i.adc_enable                             0x08001b4e   Section        0  gd32f4xx_adc.o(i.adc_enable)
    i.adc_external_trigger_config            0x08001b60   Section        0  gd32f4xx_adc.o(i.adc_external_trigger_config)
    i.adc_external_trigger_source_config     0x08001b94   Section        0  gd32f4xx_adc.o(i.adc_external_trigger_source_config)
    i.adc_flag_clear                         0x08001bc4   Section        0  gd32f4xx_adc.o(i.adc_flag_clear)
    i.adc_flag_get                           0x08001bcc   Section        0  gd32f4xx_adc.o(i.adc_flag_get)
    i.adc_proc                               0x08001bdc   Section        0  function.o(i.adc_proc)
    i.adc_routine_channel_config             0x08001c90   Section        0  gd32f4xx_adc.o(i.adc_routine_channel_config)
    i.adc_software_trigger_enable            0x08001d3c   Section        0  gd32f4xx_adc.o(i.adc_software_trigger_enable)
    i.adc_special_function_config            0x08001d60   Section        0  gd32f4xx_adc.o(i.adc_special_function_config)
    i.check_systick                          0x08001dba   Section        0  perf_counter.o(i.check_systick)
    check_systick                            0x08001dbb   Thumb Code    54  perf_counter.o(i.check_systick)
    i.delay_1ms                              0x08001df0   Section        0  systick.o(i.delay_1ms)
    i.delay_decrement                        0x08001e04   Section        0  systick.o(i.delay_decrement)
    i.delay_ms                               0x08001e1c   Section        0  perf_counter.o(i.delay_ms)
    i.fputc                                  0x08001e70   Section        0  usart.o(i.fputc)
    i.get_system_ms                          0x08001e94   Section        0  perf_counter.o(i.get_system_ms)
    i.get_system_ticks                       0x08001ef4   Section        0  perf_counter.o(i.get_system_ticks)
    __tagsym$$noinline                       0x08001ef5   Number         0  perf_counter.o(i.get_system_ticks)
    i.gpio_af_set                            0x08001f54   Section        0  gd32f4xx_gpio.o(i.gpio_af_set)
    i.gpio_bit_reset                         0x08001fb2   Section        0  gd32f4xx_gpio.o(i.gpio_bit_reset)
    i.gpio_bit_set                           0x08001fb6   Section        0  gd32f4xx_gpio.o(i.gpio_bit_set)
    i.gpio_bit_write                         0x08001fba   Section        0  gd32f4xx_gpio.o(i.gpio_bit_write)
    i.gpio_input_bit_get                     0x08001fc4   Section        0  gd32f4xx_gpio.o(i.gpio_input_bit_get)
    i.gpio_mode_set                          0x08001fd4   Section        0  gd32f4xx_gpio.o(i.gpio_mode_set)
    i.gpio_output_options_set                0x08002022   Section        0  gd32f4xx_gpio.o(i.gpio_output_options_set)
    i.init_cycle_counter                     0x08002064   Section        0  perf_counter.o(i.init_cycle_counter)
    i.led_disp                               0x080020cc   Section        0  led.o(i.led_disp)
    i.led_proc                               0x08002148   Section        0  function.o(i.led_proc)
    i.main                                   0x08002158   Section        0  main.o(i.main)
    i.oled_printf                            0x08002184   Section        0  oled_app.o(i.oled_printf)
    i.oled_proc                              0x080021c0   Section        0  function.o(i.oled_proc)
    i.perfc_port_clear_system_timer_ovf_pending 0x08002220   Section        0  perfc_port_default.o(i.perfc_port_clear_system_timer_ovf_pending)
    i.perfc_port_disable_global_interrupt    0x08002230   Section        0  perf_counter.o(i.perfc_port_disable_global_interrupt)
    perfc_port_disable_global_interrupt      0x08002231   Thumb Code    12  perf_counter.o(i.perfc_port_disable_global_interrupt)
    i.perfc_port_get_system_timer_elapsed    0x0800223c   Section        0  perfc_port_default.o(i.perfc_port_get_system_timer_elapsed)
    i.perfc_port_get_system_timer_freq       0x08002250   Section        0  perfc_port_default.o(i.perfc_port_get_system_timer_freq)
    i.perfc_port_get_system_timer_top        0x0800225c   Section        0  perfc_port_default.o(i.perfc_port_get_system_timer_top)
    i.perfc_port_init_system_timer           0x08002266   Section        0  perfc_port_default.o(i.perfc_port_init_system_timer)
    i.perfc_port_insert_to_system_timer_insert_ovf_handler 0x080022b8   Section        0  perf_counter.o(i.perfc_port_insert_to_system_timer_insert_ovf_handler)
    i.perfc_port_is_system_timer_ovf_pending 0x0800237c   Section        0  perfc_port_default.o(i.perfc_port_is_system_timer_ovf_pending)
    i.perfc_port_resume_global_interrupt     0x0800238c   Section        0  perf_counter.o(i.perfc_port_resume_global_interrupt)
    perfc_port_resume_global_interrupt       0x0800238d   Thumb Code    10  perf_counter.o(i.perfc_port_resume_global_interrupt)
    i.r1_error_check                         0x08002398   Section        0  sdcard.o(i.r1_error_check)
    r1_error_check                           0x08002399   Thumb Code   120  sdcard.o(i.r1_error_check)
    i.r1_error_type_check                    0x0800241c   Section        0  sdcard.o(i.r1_error_type_check)
    r1_error_type_check                      0x0800241d   Thumb Code   174  sdcard.o(i.r1_error_type_check)
    i.rcu_clock_freq_get                     0x080024cc   Section        0  gd32f4xx_rcu.o(i.rcu_clock_freq_get)
    i.rcu_periph_clock_enable                0x080025f0   Section        0  gd32f4xx_rcu.o(i.rcu_periph_clock_enable)
    i.rcu_periph_reset_disable               0x08002614   Section        0  gd32f4xx_rcu.o(i.rcu_periph_reset_disable)
    i.rcu_periph_reset_enable                0x08002638   Section        0  gd32f4xx_rcu.o(i.rcu_periph_reset_enable)
    i.scheduler_init                         0x0800265c   Section        0  scheduler.o(i.scheduler_init)
    i.scheduler_run                          0x08002668   Section        0  scheduler.o(i.scheduler_run)
    i.sd_interrupts_process                  0x080026c0   Section        0  sdcard.o(i.sd_interrupts_process)
    i.sd_transfer_stop                       0x080027f0   Section        0  sdcard.o(i.sd_transfer_stop)
    i.sdio_command_index_get                 0x08002814   Section        0  gd32f4xx_sdio.o(i.sdio_command_index_get)
    i.sdio_command_response_config           0x08002820   Section        0  gd32f4xx_sdio.o(i.sdio_command_response_config)
    i.sdio_csm_enable                        0x08002858   Section        0  gd32f4xx_sdio.o(i.sdio_csm_enable)
    i.sdio_flag_clear                        0x0800286c   Section        0  gd32f4xx_sdio.o(i.sdio_flag_clear)
    i.sdio_interrupt_disable                 0x08002878   Section        0  gd32f4xx_sdio.o(i.sdio_interrupt_disable)
    i.sdio_interrupt_flag_clear              0x08002888   Section        0  gd32f4xx_sdio.o(i.sdio_interrupt_flag_clear)
    i.sdio_interrupt_flag_get                0x08002894   Section        0  gd32f4xx_sdio.o(i.sdio_interrupt_flag_get)
    i.sdio_response_get                      0x080028a8   Section        0  gd32f4xx_sdio.o(i.sdio_response_get)
    i.sdio_wait_type_set                     0x080028e4   Section        0  gd32f4xx_sdio.o(i.sdio_wait_type_set)
    i.system_clock_240m_25m_hxtal            0x08002900   Section        0  system_gd32f4xx.o(i.system_clock_240m_25m_hxtal)
    system_clock_240m_25m_hxtal              0x08002901   Thumb Code   250  system_gd32f4xx.o(i.system_clock_240m_25m_hxtal)
    i.system_clock_config                    0x08002a08   Section        0  system_gd32f4xx.o(i.system_clock_config)
    system_clock_config                      0x08002a09   Thumb Code     8  system_gd32f4xx.o(i.system_clock_config)
    i.systick_config                         0x08002a10   Section        0  systick.o(i.systick_config)
    i.update_perf_counter                    0x08002a60   Section        0  perf_counter.o(i.update_perf_counter)
    i.usart_baudrate_set                     0x08002ad4   Section        0  gd32f4xx_usart.o(i.usart_baudrate_set)
    i.usart_data_receive                     0x08002bbc   Section        0  gd32f4xx_usart.o(i.usart_data_receive)
    i.usart_data_transmit                    0x08002bc6   Section        0  gd32f4xx_usart.o(i.usart_data_transmit)
    i.usart_deinit                           0x08002bd0   Section        0  gd32f4xx_usart.o(i.usart_deinit)
    i.usart_enable                           0x08002cac   Section        0  gd32f4xx_usart.o(i.usart_enable)
    i.usart_flag_clear                       0x08002cb6   Section        0  gd32f4xx_usart.o(i.usart_flag_clear)
    i.usart_flag_get                         0x08002cea   Section        0  gd32f4xx_usart.o(i.usart_flag_get)
    i.usart_hardware_flow_cts_config         0x08002d08   Section        0  gd32f4xx_usart.o(i.usart_hardware_flow_cts_config)
    i.usart_hardware_flow_rts_config         0x08002d1c   Section        0  gd32f4xx_usart.o(i.usart_hardware_flow_rts_config)
    i.usart_interrupt_enable                 0x08002d30   Section        0  gd32f4xx_usart.o(i.usart_interrupt_enable)
    i.usart_interrupt_flag_clear             0x08002d4a   Section        0  gd32f4xx_usart.o(i.usart_interrupt_flag_clear)
    i.usart_interrupt_flag_get               0x08002d64   Section        0  gd32f4xx_usart.o(i.usart_interrupt_flag_get)
    i.usart_parity_config                    0x08002d9c   Section        0  gd32f4xx_usart.o(i.usart_parity_config)
    i.usart_receive_config                   0x08002dac   Section        0  gd32f4xx_usart.o(i.usart_receive_config)
    i.usart_receiver_timeout_enable          0x08002dbc   Section        0  gd32f4xx_usart.o(i.usart_receiver_timeout_enable)
    i.usart_receiver_timeout_threshold_config 0x08002dca   Section        0  gd32f4xx_usart.o(i.usart_receiver_timeout_threshold_config)
    i.usart_stop_bit_set                     0x08002dde   Section        0  gd32f4xx_usart.o(i.usart_stop_bit_set)
    i.usart_transmit_config                  0x08002dee   Section        0  gd32f4xx_usart.o(i.usart_transmit_config)
    i.usart_word_length_set                  0x08002dfe   Section        0  gd32f4xx_usart.o(i.usart_word_length_set)
    .constdata                               0x08002e0e   Section     8152  oled.o(.constdata)
    .init_array                              0x08004e08   Section        4  perf_counter.o(.init_array)
    .init_array                              0x08004e0c   Section        0  cpp_init.o(.init_array)
    .data                                    0x20000000   Section        4  systick.o(.data)
    delay                                    0x20000000   Data           4  systick.o(.data)
    .data                                    0x20000004   Section       40  function.o(.data)
    .data                                    0x2000002c   Section        4  system_gd32f4xx.o(.data)
    .data                                    0x20000030   Section        1  led.o(.data)
    temp_old                                 0x20000030   Data           1  led.o(.data)
    .data                                    0x20000034   Section       36  sdcard.o(.data)
    cardtype                                 0x2000003c   Data           1  sdcard.o(.data)
    sd_rca                                   0x2000003e   Data           2  sdcard.o(.data)
    transmode                                0x20000040   Data           4  sdcard.o(.data)
    totalnumber_bytes                        0x20000044   Data           4  sdcard.o(.data)
    stopcondition                            0x20000048   Data           4  sdcard.o(.data)
    transerror                               0x2000004c   Data           1  sdcard.o(.data)
    transend                                 0x20000050   Data           4  sdcard.o(.data)
    number_bytes                             0x20000054   Data           4  sdcard.o(.data)
    .data                                    0x20000058   Section       40  scheduler.o(.data)
    scheduler_task                           0x2000005c   Data          36  scheduler.o(.data)
    .data                                    0x20000080   Section       64  perf_counter.o(.data)
    s_lOldTimestamp                          0x20000088   Data           8  perf_counter.o(.data)
    s_wUSUnit                                0x20000094   Data           4  perf_counter.o(.data)
    s_wMSUnit                                0x20000098   Data           4  perf_counter.o(.data)
    s_wMSResidule                            0x2000009c   Data           4  perf_counter.o(.data)
    s_wUSResidule                            0x200000a0   Data           4  perf_counter.o(.data)
    s_lSystemMS                              0x200000a8   Data           8  perf_counter.o(.data)
    s_lSystemUS                              0x200000b0   Data           8  perf_counter.o(.data)
    s_lSystemClockCounts                     0x200000b8   Data           8  perf_counter.o(.data)
    .data                                    0x200000c0   Section        4  stdout.o(.data)
    .bss                                     0x200000c4   Section     1876  function.o(.bss)
    .bss                                     0x20000818   Section      576  oled.o(.bss)
    STACK                                    0x20000a58   Section     1024  startup_gd32f450_470.o(STACK)

    Global Symbols

    Symbol Name                              Value     Ov Type        Size  Object(Section)

    BuildAttributes$$THM_ISAv4$E$P$D$K$B$S$7EM$VFPi3$EXTD16$VFPS$VFMA$PE$A:L22UL41UL21$X:L11$S22US41US21$IEEE1$IW$USESV6$~STKCKD$USESV7$~SHL$OTIME$ROPI$EBA8$MICROLIB$REQ8$PRES8$EABIv2 0x00000000   Number         0  anon$$obj.o ABSOLUTE
    __ARM_use_no_argv                        0x00000000   Number         0  main.o ABSOLUTE
    _printf_a                                0x00000000   Number         0  stubs.o ABSOLUTE
    _printf_c                                0x00000000   Number         0  stubs.o ABSOLUTE
    _printf_charcount                        0x00000000   Number         0  stubs.o ABSOLUTE
    _printf_d                                0x00000000   Number         0  stubs.o ABSOLUTE
    _printf_e                                0x00000000   Number         0  stubs.o ABSOLUTE
    _printf_f                                0x00000000   Number         0  stubs.o ABSOLUTE
    _printf_flags                            0x00000000   Number         0  stubs.o ABSOLUTE
    _printf_fp_dec                           0x00000000   Number         0  stubs.o ABSOLUTE
    _printf_fp_hex                           0x00000000   Number         0  stubs.o ABSOLUTE
    _printf_g                                0x00000000   Number         0  stubs.o ABSOLUTE
    _printf_i                                0x00000000   Number         0  stubs.o ABSOLUTE
    _printf_int_dec                          0x00000000   Number         0  stubs.o ABSOLUTE
    _printf_l                                0x00000000   Number         0  stubs.o ABSOLUTE
    _printf_lc                               0x00000000   Number         0  stubs.o ABSOLUTE
    _printf_ll                               0x00000000   Number         0  stubs.o ABSOLUTE
    _printf_lld                              0x00000000   Number         0  stubs.o ABSOLUTE
    _printf_lli                              0x00000000   Number         0  stubs.o ABSOLUTE
    _printf_llo                              0x00000000   Number         0  stubs.o ABSOLUTE
    _printf_llu                              0x00000000   Number         0  stubs.o ABSOLUTE
    _printf_llx                              0x00000000   Number         0  stubs.o ABSOLUTE
    _printf_longlong_dec                     0x00000000   Number         0  stubs.o ABSOLUTE
    _printf_longlong_hex                     0x00000000   Number         0  stubs.o ABSOLUTE
    _printf_longlong_oct                     0x00000000   Number         0  stubs.o ABSOLUTE
    _printf_ls                               0x00000000   Number         0  stubs.o ABSOLUTE
    _printf_mbtowc                           0x00000000   Number         0  stubs.o ABSOLUTE
    _printf_n                                0x00000000   Number         0  stubs.o ABSOLUTE
    _printf_o                                0x00000000   Number         0  stubs.o ABSOLUTE
    _printf_p                                0x00000000   Number         0  stubs.o ABSOLUTE
    _printf_percent                          0x00000000   Number         0  stubs.o ABSOLUTE
    _printf_pre_padding                      0x00000000   Number         0  stubs.o ABSOLUTE
    _printf_return_value                     0x00000000   Number         0  stubs.o ABSOLUTE
    _printf_s                                0x00000000   Number         0  stubs.o ABSOLUTE
    _printf_sizespec                         0x00000000   Number         0  stubs.o ABSOLUTE
    _printf_str                              0x00000000   Number         0  stubs.o ABSOLUTE
    _printf_truncate_signed                  0x00000000   Number         0  stubs.o ABSOLUTE
    _printf_truncate_unsigned                0x00000000   Number         0  stubs.o ABSOLUTE
    _printf_u                                0x00000000   Number         0  stubs.o ABSOLUTE
    _printf_wc                               0x00000000   Number         0  stubs.o ABSOLUTE
    _printf_wctomb                           0x00000000   Number         0  stubs.o ABSOLUTE
    _printf_widthprec                        0x00000000   Number         0  stubs.o ABSOLUTE
    _printf_x                                0x00000000   Number         0  stubs.o ABSOLUTE
    __arm_fini_                               - Undefined Weak Reference
    __cxa_finalize                            - Undefined Weak Reference
    __decompress                              - Undefined Weak Reference
    _clock_init                               - Undefined Weak Reference
    _microlib_exit                            - Undefined Weak Reference
    __Vectors_Size                           0x000001ac   Number         0  startup_gd32f450_470.o ABSOLUTE
    __Vectors                                0x08000000   Data           4  startup_gd32f450_470.o(RESET)
    __Vectors_End                            0x080001ac   Data           0  startup_gd32f450_470.o(RESET)
    __main                                   0x080001ad   Thumb Code     0  entry.o(.ARM.Collect$$$$00000000)
    _main_stk                                0x080001ad   Thumb Code     0  entry2.o(.ARM.Collect$$$$00000001)
    _main_scatterload                        0x080001b1   Thumb Code     0  entry5.o(.ARM.Collect$$$$00000004)
    __main_after_scatterload                 0x080001b5   Thumb Code     0  entry5.o(.ARM.Collect$$$$00000004)
    _main_clock                              0x080001b5   Thumb Code     0  entry7b.o(.ARM.Collect$$$$00000008)
    _main_cpp_init$empty                     0x080001b5   Thumb Code     0  entry8a.o(.ARM.Collect$$$$00000009)
    _main_cpp_init                           0x080001b9   Thumb Code     0  entry8b.o(.ARM.Collect$$$$0000000A)
    _main_init                               0x080001b9   Thumb Code     0  entry9a.o(.ARM.Collect$$$$0000000B)
    __rt_lib_shutdown_fini                   0x080001c1   Thumb Code     0  entry12b.o(.ARM.Collect$$$$0000000E)
    __rt_final_cpp                           0x080001c5   Thumb Code     0  entry10a.o(.ARM.Collect$$$$0000000F)
    __rt_final_exit                          0x080001c5   Thumb Code     0  entry11a.o(.ARM.Collect$$$$00000011)
    Reset_Handler                            0x080001c9   Thumb Code     8  startup_gd32f450_470.o(.text)
    ADC_IRQHandler                           0x080001e3   Thumb Code     0  startup_gd32f450_470.o(.text)
    CAN0_EWMC_IRQHandler                     0x080001e3   Thumb Code     0  startup_gd32f450_470.o(.text)
    CAN0_RX0_IRQHandler                      0x080001e3   Thumb Code     0  startup_gd32f450_470.o(.text)
    CAN0_RX1_IRQHandler                      0x080001e3   Thumb Code     0  startup_gd32f450_470.o(.text)
    CAN0_TX_IRQHandler                       0x080001e3   Thumb Code     0  startup_gd32f450_470.o(.text)
    CAN1_EWMC_IRQHandler                     0x080001e3   Thumb Code     0  startup_gd32f450_470.o(.text)
    CAN1_RX0_IRQHandler                      0x080001e3   Thumb Code     0  startup_gd32f450_470.o(.text)
    CAN1_RX1_IRQHandler                      0x080001e3   Thumb Code     0  startup_gd32f450_470.o(.text)
    CAN1_TX_IRQHandler                       0x080001e3   Thumb Code     0  startup_gd32f450_470.o(.text)
    DCI_IRQHandler                           0x080001e3   Thumb Code     0  startup_gd32f450_470.o(.text)
    DMA0_Channel0_IRQHandler                 0x080001e3   Thumb Code     0  startup_gd32f450_470.o(.text)
    DMA0_Channel1_IRQHandler                 0x080001e3   Thumb Code     0  startup_gd32f450_470.o(.text)
    DMA0_Channel2_IRQHandler                 0x080001e3   Thumb Code     0  startup_gd32f450_470.o(.text)
    DMA0_Channel3_IRQHandler                 0x080001e3   Thumb Code     0  startup_gd32f450_470.o(.text)
    DMA0_Channel4_IRQHandler                 0x080001e3   Thumb Code     0  startup_gd32f450_470.o(.text)
    DMA0_Channel5_IRQHandler                 0x080001e3   Thumb Code     0  startup_gd32f450_470.o(.text)
    DMA0_Channel6_IRQHandler                 0x080001e3   Thumb Code     0  startup_gd32f450_470.o(.text)
    DMA0_Channel7_IRQHandler                 0x080001e3   Thumb Code     0  startup_gd32f450_470.o(.text)
    DMA1_Channel0_IRQHandler                 0x080001e3   Thumb Code     0  startup_gd32f450_470.o(.text)
    DMA1_Channel1_IRQHandler                 0x080001e3   Thumb Code     0  startup_gd32f450_470.o(.text)
    DMA1_Channel2_IRQHandler                 0x080001e3   Thumb Code     0  startup_gd32f450_470.o(.text)
    DMA1_Channel3_IRQHandler                 0x080001e3   Thumb Code     0  startup_gd32f450_470.o(.text)
    DMA1_Channel4_IRQHandler                 0x080001e3   Thumb Code     0  startup_gd32f450_470.o(.text)
    DMA1_Channel5_IRQHandler                 0x080001e3   Thumb Code     0  startup_gd32f450_470.o(.text)
    DMA1_Channel6_IRQHandler                 0x080001e3   Thumb Code     0  startup_gd32f450_470.o(.text)
    DMA1_Channel7_IRQHandler                 0x080001e3   Thumb Code     0  startup_gd32f450_470.o(.text)
    ENET_IRQHandler                          0x080001e3   Thumb Code     0  startup_gd32f450_470.o(.text)
    ENET_WKUP_IRQHandler                     0x080001e3   Thumb Code     0  startup_gd32f450_470.o(.text)
    EXMC_IRQHandler                          0x080001e3   Thumb Code     0  startup_gd32f450_470.o(.text)
    EXTI0_IRQHandler                         0x080001e3   Thumb Code     0  startup_gd32f450_470.o(.text)
    EXTI10_15_IRQHandler                     0x080001e3   Thumb Code     0  startup_gd32f450_470.o(.text)
    EXTI1_IRQHandler                         0x080001e3   Thumb Code     0  startup_gd32f450_470.o(.text)
    EXTI2_IRQHandler                         0x080001e3   Thumb Code     0  startup_gd32f450_470.o(.text)
    EXTI3_IRQHandler                         0x080001e3   Thumb Code     0  startup_gd32f450_470.o(.text)
    EXTI4_IRQHandler                         0x080001e3   Thumb Code     0  startup_gd32f450_470.o(.text)
    EXTI5_9_IRQHandler                       0x080001e3   Thumb Code     0  startup_gd32f450_470.o(.text)
    FMC_IRQHandler                           0x080001e3   Thumb Code     0  startup_gd32f450_470.o(.text)
    FPU_IRQHandler                           0x080001e3   Thumb Code     0  startup_gd32f450_470.o(.text)
    I2C0_ER_IRQHandler                       0x080001e3   Thumb Code     0  startup_gd32f450_470.o(.text)
    I2C0_EV_IRQHandler                       0x080001e3   Thumb Code     0  startup_gd32f450_470.o(.text)
    I2C1_ER_IRQHandler                       0x080001e3   Thumb Code     0  startup_gd32f450_470.o(.text)
    I2C1_EV_IRQHandler                       0x080001e3   Thumb Code     0  startup_gd32f450_470.o(.text)
    I2C2_ER_IRQHandler                       0x080001e3   Thumb Code     0  startup_gd32f450_470.o(.text)
    I2C2_EV_IRQHandler                       0x080001e3   Thumb Code     0  startup_gd32f450_470.o(.text)
    IPA_IRQHandler                           0x080001e3   Thumb Code     0  startup_gd32f450_470.o(.text)
    LVD_IRQHandler                           0x080001e3   Thumb Code     0  startup_gd32f450_470.o(.text)
    RCU_CTC_IRQHandler                       0x080001e3   Thumb Code     0  startup_gd32f450_470.o(.text)
    RTC_Alarm_IRQHandler                     0x080001e3   Thumb Code     0  startup_gd32f450_470.o(.text)
    RTC_WKUP_IRQHandler                      0x080001e3   Thumb Code     0  startup_gd32f450_470.o(.text)
    SPI0_IRQHandler                          0x080001e3   Thumb Code     0  startup_gd32f450_470.o(.text)
    SPI1_IRQHandler                          0x080001e3   Thumb Code     0  startup_gd32f450_470.o(.text)
    SPI2_IRQHandler                          0x080001e3   Thumb Code     0  startup_gd32f450_470.o(.text)
    SPI3_IRQHandler                          0x080001e3   Thumb Code     0  startup_gd32f450_470.o(.text)
    SPI4_IRQHandler                          0x080001e3   Thumb Code     0  startup_gd32f450_470.o(.text)
    SPI5_IRQHandler                          0x080001e3   Thumb Code     0  startup_gd32f450_470.o(.text)
    TAMPER_STAMP_IRQHandler                  0x080001e3   Thumb Code     0  startup_gd32f450_470.o(.text)
    TIMER0_BRK_TIMER8_IRQHandler             0x080001e3   Thumb Code     0  startup_gd32f450_470.o(.text)
    TIMER0_Channel_IRQHandler                0x080001e3   Thumb Code     0  startup_gd32f450_470.o(.text)
    TIMER0_TRG_CMT_TIMER10_IRQHandler        0x080001e3   Thumb Code     0  startup_gd32f450_470.o(.text)
    TIMER0_UP_TIMER9_IRQHandler              0x080001e3   Thumb Code     0  startup_gd32f450_470.o(.text)
    TIMER1_IRQHandler                        0x080001e3   Thumb Code     0  startup_gd32f450_470.o(.text)
    TIMER2_IRQHandler                        0x080001e3   Thumb Code     0  startup_gd32f450_470.o(.text)
    TIMER3_IRQHandler                        0x080001e3   Thumb Code     0  startup_gd32f450_470.o(.text)
    TIMER4_IRQHandler                        0x080001e3   Thumb Code     0  startup_gd32f450_470.o(.text)
    TIMER5_DAC_IRQHandler                    0x080001e3   Thumb Code     0  startup_gd32f450_470.o(.text)
    TIMER6_IRQHandler                        0x080001e3   Thumb Code     0  startup_gd32f450_470.o(.text)
    TIMER7_BRK_TIMER11_IRQHandler            0x080001e3   Thumb Code     0  startup_gd32f450_470.o(.text)
    TIMER7_Channel_IRQHandler                0x080001e3   Thumb Code     0  startup_gd32f450_470.o(.text)
    TIMER7_TRG_CMT_TIMER13_IRQHandler        0x080001e3   Thumb Code     0  startup_gd32f450_470.o(.text)
    TIMER7_UP_TIMER12_IRQHandler             0x080001e3   Thumb Code     0  startup_gd32f450_470.o(.text)
    TLI_ER_IRQHandler                        0x080001e3   Thumb Code     0  startup_gd32f450_470.o(.text)
    TLI_IRQHandler                           0x080001e3   Thumb Code     0  startup_gd32f450_470.o(.text)
    TRNG_IRQHandler                          0x080001e3   Thumb Code     0  startup_gd32f450_470.o(.text)
    UART3_IRQHandler                         0x080001e3   Thumb Code     0  startup_gd32f450_470.o(.text)
    UART4_IRQHandler                         0x080001e3   Thumb Code     0  startup_gd32f450_470.o(.text)
    UART6_IRQHandler                         0x080001e3   Thumb Code     0  startup_gd32f450_470.o(.text)
    UART7_IRQHandler                         0x080001e3   Thumb Code     0  startup_gd32f450_470.o(.text)
    USART1_IRQHandler                        0x080001e3   Thumb Code     0  startup_gd32f450_470.o(.text)
    USART2_IRQHandler                        0x080001e3   Thumb Code     0  startup_gd32f450_470.o(.text)
    USART5_IRQHandler                        0x080001e3   Thumb Code     0  startup_gd32f450_470.o(.text)
    USBFS_IRQHandler                         0x080001e3   Thumb Code     0  startup_gd32f450_470.o(.text)
    USBFS_WKUP_IRQHandler                    0x080001e3   Thumb Code     0  startup_gd32f450_470.o(.text)
    USBHS_EP1_In_IRQHandler                  0x080001e3   Thumb Code     0  startup_gd32f450_470.o(.text)
    USBHS_EP1_Out_IRQHandler                 0x080001e3   Thumb Code     0  startup_gd32f450_470.o(.text)
    USBHS_IRQHandler                         0x080001e3   Thumb Code     0  startup_gd32f450_470.o(.text)
    USBHS_WKUP_IRQHandler                    0x080001e3   Thumb Code     0  startup_gd32f450_470.o(.text)
    WWDGT_IRQHandler                         0x080001e3   Thumb Code     0  startup_gd32f450_470.o(.text)
    SysTick_Handler                          0x080001ed   Thumb Code    18  systick_wrapper_ual.o(.text)
    __ensure_systick_wrapper                 0x08000209   Thumb Code     4  systick_wrapper_ual.o(.text)
    __aeabi_ldivmod                          0x0800020d   Thumb Code    98  ldiv.o(.text)
    __cpp_initialize__aeabi_                 0x08000271   Thumb Code    22  cpp_init.o(.text)
    __aeabi_dmul                             0x08000291   Thumb Code   228  dmul.o(.text)
    __aeabi_ddiv                             0x08000375   Thumb Code   222  ddiv.o(.text)
    __aeabi_i2d                              0x08000453   Thumb Code    34  dflti.o(.text)
    __aeabi_f2d                              0x08000475   Thumb Code    38  f2d.o(.text)
    __aeabi_d2f                              0x0800049b   Thumb Code    56  d2f.o(.text)
    __aeabi_uidiv                            0x080004d3   Thumb Code     0  uidiv.o(.text)
    __aeabi_uidivmod                         0x080004d3   Thumb Code    44  uidiv.o(.text)
    __aeabi_uldivmod                         0x080004ff   Thumb Code    98  uldiv.o(.text)
    __I$use$fp                               0x08000561   Thumb Code     0  iusefp.o(.text)
    _float_round                             0x08000561   Thumb Code    18  fepilogue.o(.text)
    _float_epilogue                          0x08000573   Thumb Code    92  fepilogue.o(.text)
    _double_round                            0x080005cf   Thumb Code    30  depilogue.o(.text)
    _double_epilogue                         0x080005ed   Thumb Code   156  depilogue.o(.text)
    __aeabi_dadd                             0x08000689   Thumb Code   322  dadd.o(.text)
    __aeabi_dsub                             0x080007cb   Thumb Code     6  dadd.o(.text)
    __aeabi_drsub                            0x080007d1   Thumb Code     6  dadd.o(.text)
    __aeabi_d2ulz                            0x080007d7   Thumb Code    48  dfixul.o(.text)
    __aeabi_cdrcmple                         0x08000809   Thumb Code    48  cdrcmple.o(.text)
    __scatterload                            0x08000839   Thumb Code    28  init.o(.text)
    __scatterload_rt2                        0x08000839   Thumb Code     0  init.o(.text)
    __aeabi_llsl                             0x0800085d   Thumb Code    30  llshl.o(.text)
    _ll_shift_l                              0x0800085d   Thumb Code     0  llshl.o(.text)
    __aeabi_llsr                             0x0800087b   Thumb Code    32  llushr.o(.text)
    _ll_ushift_r                             0x0800087b   Thumb Code     0  llushr.o(.text)
    __aeabi_lasr                             0x0800089b   Thumb Code    36  llsshr.o(.text)
    _ll_sshift_r                             0x0800089b   Thumb Code     0  llsshr.o(.text)
    ADC_Init                                 0x080008c1   Thumb Code    86  adc.o(i.ADC_Init)
    ADC_port_init                            0x0800091d   Thumb Code    52  adc.o(i.ADC_port_init)
    BusFault_Handler                         0x08000959   Thumb Code     4  gd32f4xx_it.o(i.BusFault_Handler)
    DebugMon_Handler                         0x0800095d   Thumb Code     2  gd32f4xx_it.o(i.DebugMon_Handler)
    HardFault_Handler                        0x0800095f   Thumb Code     4  gd32f4xx_it.o(i.HardFault_Handler)
    I2C_Start                                0x08000965   Thumb Code    84  oled.o(i.I2C_Start)
    I2C_Stop                                 0x080009bd   Thumb Code    66  oled.o(i.I2C_Stop)
    I2C_WaitAck                              0x08000a05   Thumb Code   116  oled.o(i.I2C_WaitAck)
    IIC_delay                                0x08000a7d   Thumb Code    16  oled.o(i.IIC_delay)
    LED_Init                                 0x08000a8d   Thumb Code    90  led.o(i.LED_Init)
    MemManage_Handler                        0x08000af1   Thumb Code     4  gd32f4xx_it.o(i.MemManage_Handler)
    NMI_Handler                              0x08000af5   Thumb Code     2  gd32f4xx_it.o(i.NMI_Handler)
    OLED_Clear                               0x08000af9   Thumb Code    42  oled.o(i.OLED_Clear)
    OLED_ClearPoint                          0x08000b29   Thumb Code    90  oled.o(i.OLED_ClearPoint)
    OLED_DrawPoint                           0x08000b89   Thumb Code    54  oled.o(i.OLED_DrawPoint)
    OLED_Init                                0x08000bc5   Thumb Code   324  oled.o(i.OLED_Init)
    OLED_Refresh                             0x08000d0d   Thumb Code    70  oled.o(i.OLED_Refresh)
    OLED_ShowChar                            0x08000d59   Thumb Code   240  oled.o(i.OLED_ShowChar)
    OLED_ShowString                          0x08000e55   Thumb Code    66  oled.o(i.OLED_ShowString)
    OLED_WR_Byte                             0x08000e97   Thumb Code    56  oled.o(i.OLED_WR_Byte)
    PendSV_Handler                           0x08000ecf   Thumb Code     2  gd32f4xx_it.o(i.PendSV_Handler)
    SDIO_IRQHandler                          0x08000ed1   Thumb Code     8  gd32f4xx_it.o(i.SDIO_IRQHandler)
    SVC_Handler                              0x08000ed9   Thumb Code     2  gd32f4xx_it.o(i.SVC_Handler)
    Send_Byte                                0x08000edd   Thumb Code    88  oled.o(i.Send_Byte)
    $Super$$SysTick_Handler                  0x08000f39   Thumb Code     8  gd32f4xx_it.o(i.SysTick_Handler)
    SystemInit                               0x08000f41   Thumb Code   194  system_gd32f4xx.o(i.SystemInit)
    USART0_Config                            0x08001015   Thumb Code   162  usart.o(i.USART0_Config)
    USART0_IRQHandler                        0x080010c1   Thumb Code    96  usart.o(i.USART0_IRQHandler)
    UsageFault_Handler                       0x08001139   Thumb Code     4  gd32f4xx_it.o(i.UsageFault_Handler)
    __0printf                                0x0800113d   Thumb Code    22  printfa.o(i.__0printf)
    __1printf                                0x0800113d   Thumb Code     0  printfa.o(i.__0printf)
    __2printf                                0x0800113d   Thumb Code     0  printfa.o(i.__0printf)
    __c89printf                              0x0800113d   Thumb Code     0  printfa.o(i.__0printf)
    printf                                   0x0800113d   Thumb Code     0  printfa.o(i.__0printf)
    __0vsnprintf                             0x0800115d   Thumb Code    46  printfa.o(i.__0vsnprintf)
    __1vsnprintf                             0x0800115d   Thumb Code     0  printfa.o(i.__0vsnprintf)
    __2vsnprintf                             0x0800115d   Thumb Code     0  printfa.o(i.__0vsnprintf)
    __c89vsnprintf                           0x0800115d   Thumb Code     0  printfa.o(i.__0vsnprintf)
    vsnprintf                                0x0800115d   Thumb Code     0  printfa.o(i.__0vsnprintf)
    __perf_counter_init                      0x080011b9   Thumb Code    10  perf_counter.o(i.__perf_counter_init)
    __perf_os_patch_init                     0x080011c3   Thumb Code     2  perf_counter.o(i.__perf_os_patch_init)
    __scatterload_copy                       0x080011c5   Thumb Code    14  handlers.o(i.__scatterload_copy)
    __scatterload_null                       0x080011d3   Thumb Code     2  handlers.o(i.__scatterload_null)
    __scatterload_zeroinit                   0x080011d5   Thumb Code    14  handlers.o(i.__scatterload_zeroinit)
    adc_calibration_enable                   0x08001a85   Thumb Code    42  gd32f4xx_adc.o(i.adc_calibration_enable)
    adc_channel_length_config                0x08001aaf   Thumb Code    82  gd32f4xx_adc.o(i.adc_channel_length_config)
    adc_clock_config                         0x08001b01   Thumb Code    28  gd32f4xx_adc.o(i.adc_clock_config)
    adc_data_alignment_config                0x08001b25   Thumb Code    22  gd32f4xx_adc.o(i.adc_data_alignment_config)
    adc_deinit                               0x08001b3b   Thumb Code    20  gd32f4xx_adc.o(i.adc_deinit)
    adc_enable                               0x08001b4f   Thumb Code    18  gd32f4xx_adc.o(i.adc_enable)
    adc_external_trigger_config              0x08001b61   Thumb Code    52  gd32f4xx_adc.o(i.adc_external_trigger_config)
    adc_external_trigger_source_config       0x08001b95   Thumb Code    48  gd32f4xx_adc.o(i.adc_external_trigger_source_config)
    adc_flag_clear                           0x08001bc5   Thumb Code     8  gd32f4xx_adc.o(i.adc_flag_clear)
    adc_flag_get                             0x08001bcd   Thumb Code    14  gd32f4xx_adc.o(i.adc_flag_get)
    adc_proc                                 0x08001bdd   Thumb Code   128  function.o(i.adc_proc)
    adc_routine_channel_config               0x08001c91   Thumb Code   172  gd32f4xx_adc.o(i.adc_routine_channel_config)
    adc_software_trigger_enable              0x08001d3d   Thumb Code    36  gd32f4xx_adc.o(i.adc_software_trigger_enable)
    adc_special_function_config              0x08001d61   Thumb Code    90  gd32f4xx_adc.o(i.adc_special_function_config)
    delay_1ms                                0x08001df1   Thumb Code    16  systick.o(i.delay_1ms)
    delay_decrement                          0x08001e05   Thumb Code    18  systick.o(i.delay_decrement)
    delay_ms                                 0x08001e1d   Thumb Code    76  perf_counter.o(i.delay_ms)
    fputc                                    0x08001e71   Thumb Code    32  usart.o(i.fputc)
    get_system_ms                            0x08001e95   Thumb Code    84  perf_counter.o(i.get_system_ms)
    get_system_ticks                         0x08001ef5   Thumb Code    86  perf_counter.o(i.get_system_ticks)
    gpio_af_set                              0x08001f55   Thumb Code    94  gd32f4xx_gpio.o(i.gpio_af_set)
    gpio_bit_reset                           0x08001fb3   Thumb Code     4  gd32f4xx_gpio.o(i.gpio_bit_reset)
    gpio_bit_set                             0x08001fb7   Thumb Code     4  gd32f4xx_gpio.o(i.gpio_bit_set)
    gpio_bit_write                           0x08001fbb   Thumb Code    10  gd32f4xx_gpio.o(i.gpio_bit_write)
    gpio_input_bit_get                       0x08001fc5   Thumb Code    16  gd32f4xx_gpio.o(i.gpio_input_bit_get)
    gpio_mode_set                            0x08001fd5   Thumb Code    78  gd32f4xx_gpio.o(i.gpio_mode_set)
    gpio_output_options_set                  0x08002023   Thumb Code    66  gd32f4xx_gpio.o(i.gpio_output_options_set)
    init_cycle_counter                       0x08002065   Thumb Code    86  perf_counter.o(i.init_cycle_counter)
    led_disp                                 0x080020cd   Thumb Code   112  led.o(i.led_disp)
    led_proc                                 0x08002149   Thumb Code    10  function.o(i.led_proc)
    main                                     0x08002159   Thumb Code    44  main.o(i.main)
    oled_printf                              0x08002185   Thumb Code    60  oled_app.o(i.oled_printf)
    oled_proc                                0x080021c1   Thumb Code    50  function.o(i.oled_proc)
    perfc_port_clear_system_timer_ovf_pending 0x08002221   Thumb Code    10  perfc_port_default.o(i.perfc_port_clear_system_timer_ovf_pending)
    perfc_port_get_system_timer_elapsed      0x0800223d   Thumb Code    18  perfc_port_default.o(i.perfc_port_get_system_timer_elapsed)
    perfc_port_get_system_timer_freq         0x08002251   Thumb Code     6  perfc_port_default.o(i.perfc_port_get_system_timer_freq)
    perfc_port_get_system_timer_top          0x0800225d   Thumb Code    10  perfc_port_default.o(i.perfc_port_get_system_timer_top)
    perfc_port_init_system_timer             0x08002267   Thumb Code    82  perfc_port_default.o(i.perfc_port_init_system_timer)
    perfc_port_insert_to_system_timer_insert_ovf_handler 0x080022b9   Thumb Code   166  perf_counter.o(i.perfc_port_insert_to_system_timer_insert_ovf_handler)
    perfc_port_is_system_timer_ovf_pending   0x0800237d   Thumb Code    10  perfc_port_default.o(i.perfc_port_is_system_timer_ovf_pending)
    rcu_clock_freq_get                       0x080024cd   Thumb Code   264  gd32f4xx_rcu.o(i.rcu_clock_freq_get)
    rcu_periph_clock_enable                  0x080025f1   Thumb Code    32  gd32f4xx_rcu.o(i.rcu_periph_clock_enable)
    rcu_periph_reset_disable                 0x08002615   Thumb Code    32  gd32f4xx_rcu.o(i.rcu_periph_reset_disable)
    rcu_periph_reset_enable                  0x08002639   Thumb Code    32  gd32f4xx_rcu.o(i.rcu_periph_reset_enable)
    scheduler_init                           0x0800265d   Thumb Code     8  scheduler.o(i.scheduler_init)
    scheduler_run                            0x08002669   Thumb Code    78  scheduler.o(i.scheduler_run)
    sd_interrupts_process                    0x080026c1   Thumb Code   286  sdcard.o(i.sd_interrupts_process)
    sd_transfer_stop                         0x080027f1   Thumb Code    36  sdcard.o(i.sd_transfer_stop)
    sdio_command_index_get                   0x08002815   Thumb Code     8  gd32f4xx_sdio.o(i.sdio_command_index_get)
    sdio_command_response_config             0x08002821   Thumb Code    52  gd32f4xx_sdio.o(i.sdio_command_response_config)
    sdio_csm_enable                          0x08002859   Thumb Code    14  gd32f4xx_sdio.o(i.sdio_csm_enable)
    sdio_flag_clear                          0x0800286d   Thumb Code     6  gd32f4xx_sdio.o(i.sdio_flag_clear)
    sdio_interrupt_disable                   0x08002879   Thumb Code    12  gd32f4xx_sdio.o(i.sdio_interrupt_disable)
    sdio_interrupt_flag_clear                0x08002889   Thumb Code     6  gd32f4xx_sdio.o(i.sdio_interrupt_flag_clear)
    sdio_interrupt_flag_get                  0x08002895   Thumb Code    16  gd32f4xx_sdio.o(i.sdio_interrupt_flag_get)
    sdio_response_get                        0x080028a9   Thumb Code    56  gd32f4xx_sdio.o(i.sdio_response_get)
    sdio_wait_type_set                       0x080028e5   Thumb Code    22  gd32f4xx_sdio.o(i.sdio_wait_type_set)
    systick_config                           0x08002a11   Thumb Code    74  systick.o(i.systick_config)
    update_perf_counter                      0x08002a61   Thumb Code    94  perf_counter.o(i.update_perf_counter)
    usart_baudrate_set                       0x08002ad5   Thumb Code   224  gd32f4xx_usart.o(i.usart_baudrate_set)
    usart_data_receive                       0x08002bbd   Thumb Code    10  gd32f4xx_usart.o(i.usart_data_receive)
    usart_data_transmit                      0x08002bc7   Thumb Code     8  gd32f4xx_usart.o(i.usart_data_transmit)
    usart_deinit                             0x08002bd1   Thumb Code   210  gd32f4xx_usart.o(i.usart_deinit)
    usart_enable                             0x08002cad   Thumb Code    10  gd32f4xx_usart.o(i.usart_enable)
    usart_flag_clear                         0x08002cb7   Thumb Code    52  gd32f4xx_usart.o(i.usart_flag_clear)
    usart_flag_get                           0x08002ceb   Thumb Code    30  gd32f4xx_usart.o(i.usart_flag_get)
    usart_hardware_flow_cts_config           0x08002d09   Thumb Code    20  gd32f4xx_usart.o(i.usart_hardware_flow_cts_config)
    usart_hardware_flow_rts_config           0x08002d1d   Thumb Code    20  gd32f4xx_usart.o(i.usart_hardware_flow_rts_config)
    usart_interrupt_enable                   0x08002d31   Thumb Code    26  gd32f4xx_usart.o(i.usart_interrupt_enable)
    usart_interrupt_flag_clear               0x08002d4b   Thumb Code    26  gd32f4xx_usart.o(i.usart_interrupt_flag_clear)
    usart_interrupt_flag_get                 0x08002d65   Thumb Code    56  gd32f4xx_usart.o(i.usart_interrupt_flag_get)
    usart_parity_config                      0x08002d9d   Thumb Code    16  gd32f4xx_usart.o(i.usart_parity_config)
    usart_receive_config                     0x08002dad   Thumb Code    16  gd32f4xx_usart.o(i.usart_receive_config)
    usart_receiver_timeout_enable            0x08002dbd   Thumb Code    14  gd32f4xx_usart.o(i.usart_receiver_timeout_enable)
    usart_receiver_timeout_threshold_config  0x08002dcb   Thumb Code    20  gd32f4xx_usart.o(i.usart_receiver_timeout_threshold_config)
    usart_stop_bit_set                       0x08002ddf   Thumb Code    16  gd32f4xx_usart.o(i.usart_stop_bit_set)
    usart_transmit_config                    0x08002def   Thumb Code    16  gd32f4xx_usart.o(i.usart_transmit_config)
    usart_word_length_set                    0x08002dff   Thumb Code    16  gd32f4xx_usart.o(i.usart_word_length_set)
    F6x8                                     0x08002e0e   Data         552  oled.o(.constdata)
    F8X16                                    0x08003036   Data        1520  oled.o(.constdata)
    asc2_1206                                0x08003626   Data        1140  oled.o(.constdata)
    asc2_1608                                0x08003a9a   Data        1520  oled.o(.constdata)
    asc2_2412                                0x0800408a   Data        3420  oled.o(.constdata)
    Region$$Table$$Base                      0x08004de8   Number         0  anon$$obj.o(Region$$Table)
    Region$$Table$$Limit                     0x08004e08   Number         0  anon$$obj.o(Region$$Table)
    SHT$$INIT_ARRAY$$Base                    0x08004e08   Number         0  perf_counter.o(.init_array)
    SHT$$INIT_ARRAY$$Limit                   0x08004e0c   Number         0  cpp_init.o(.init_array)
    ucled                                    0x20000004   Data           6  function.o(.data)
    flash_id                                 0x2000000c   Data           4  function.o(.data)
    i                                        0x20000010   Data           2  function.o(.data)
    count                                    0x20000012   Data           2  function.o(.data)
    result                                   0x20000014   Data           2  function.o(.data)
    is_successful                            0x20000016   Data           1  function.o(.data)
    br                                       0x20000018   Data           4  function.o(.data)
    bw                                       0x2000001c   Data           4  function.o(.data)
    rx_index                                 0x20000020   Data           2  function.o(.data)
    frame_ready                              0x20000022   Data           1  function.o(.data)
    adc_value                                0x20000024   Data           4  function.o(.data)
    Vol_Value                                0x20000028   Data           4  function.o(.data)
    SystemCoreClock                          0x2000002c   Data           4  system_gd32f4xx.o(.data)
    sd_scr                                   0x20000034   Data           8  sdcard.o(.data)
    task_num                                 0x20000058   Data           1  scheduler.o(.data)
    g_lLastTimeStamp                         0x20000080   Data           8  perf_counter.o(.data)
    g_nOffset                                0x20000090   Data           4  perf_counter.o(.data)
    __stdout                                 0x200000c0   Data           4  stdout.o(.data)
    tx_buffer                                0x200000c4   Data         256  function.o(.bss)
    rx_buffer                                0x200001c4   Data         256  function.o(.bss)
    fdst                                     0x200002c4   Data         548  function.o(.bss)
    fs                                       0x200004e8   Data         560  function.o(.bss)
    buffer                                   0x20000718   Data         128  function.o(.bss)
    filebuffer                               0x20000798   Data         128  function.o(.bss)
    OLED_GRAM                                0x20000818   Data         576  oled.o(.bss)
    __initial_sp                             0x20000e58   Data           0  startup_gd32f450_470.o(STACK)



==============================================================================

Memory Map of the image

  Image Entry point : 0x080001ad

  Load Region LR_IROM1 (Base: 0x08000000, Size: 0x00004ed0, Max: 0x00080000, ABSOLUTE)

    Execution Region ER_IROM1 (Exec base: 0x08000000, Load base: 0x08000000, Size: 0x00004e0c, Max: 0x00080000, ABSOLUTE)

    Exec Addr    Load Addr    Size         Type   Attr      Idx    E Section Name        Object

    0x08000000   0x08000000   0x000001ac   Data   RO         6058    RESET               startup_gd32f450_470.o
    0x080001ac   0x080001ac   0x00000000   Code   RO         7392  * .ARM.Collect$$$$00000000  mc_w.l(entry.o)
    0x080001ac   0x080001ac   0x00000004   Code   RO         7675    .ARM.Collect$$$$00000001  mc_w.l(entry2.o)
    0x080001b0   0x080001b0   0x00000004   Code   RO         7678    .ARM.Collect$$$$00000004  mc_w.l(entry5.o)
    0x080001b4   0x080001b4   0x00000000   Code   RO         7680    .ARM.Collect$$$$00000008  mc_w.l(entry7b.o)
    0x080001b4   0x080001b4   0x00000004   Code   RO         7681    .ARM.Collect$$$$00000009  mc_w.l(entry8a.o)
    0x080001b8   0x080001b8   0x00000000   Code   RO         7682    .ARM.Collect$$$$0000000A  mc_w.l(entry8b.o)
    0x080001b8   0x080001b8   0x00000008   Code   RO         7683    .ARM.Collect$$$$0000000B  mc_w.l(entry9a.o)
    0x080001c0   0x080001c0   0x00000004   Code   RO         7690    .ARM.Collect$$$$0000000E  mc_w.l(entry12b.o)
    0x080001c4   0x080001c4   0x00000000   Code   RO         7685    .ARM.Collect$$$$0000000F  mc_w.l(entry10a.o)
    0x080001c4   0x080001c4   0x00000000   Code   RO         7687    .ARM.Collect$$$$00000011  mc_w.l(entry11a.o)
    0x080001c4   0x080001c4   0x00000004   Code   RO         7676    .ARM.Collect$$$$00002712  mc_w.l(entry2.o)
    0x080001c8   0x080001c8   0x00000024   Code   RO         6059    .text               startup_gd32f450_470.o
    0x080001ec   0x080001ec   0x00000020   Code   RO         7388    .text               systick_wrapper_ual.o
    0x0800020c   0x0800020c   0x00000062   Code   RO         7395    .text               mc_w.l(ldiv.o)
    0x0800026e   0x0800026e   0x00000002   PAD
    0x08000270   0x08000270   0x00000020   Code   RO         7663    .text               mc_w.l(cpp_init.o)
    0x08000290   0x08000290   0x000000e4   Code   RO         7665    .text               mf_w.l(dmul.o)
    0x08000374   0x08000374   0x000000de   Code   RO         7667    .text               mf_w.l(ddiv.o)
    0x08000452   0x08000452   0x00000022   Code   RO         7669    .text               mf_w.l(dflti.o)
    0x08000474   0x08000474   0x00000026   Code   RO         7671    .text               mf_w.l(f2d.o)
    0x0800049a   0x0800049a   0x00000038   Code   RO         7673    .text               mf_w.l(d2f.o)
    0x080004d2   0x080004d2   0x0000002c   Code   RO         7692    .text               mc_w.l(uidiv.o)
    0x080004fe   0x080004fe   0x00000062   Code   RO         7694    .text               mc_w.l(uldiv.o)
    0x08000560   0x08000560   0x00000000   Code   RO         7696    .text               mc_w.l(iusefp.o)
    0x08000560   0x08000560   0x0000006e   Code   RO         7697    .text               mf_w.l(fepilogue.o)
    0x080005ce   0x080005ce   0x000000ba   Code   RO         7699    .text               mf_w.l(depilogue.o)
    0x08000688   0x08000688   0x0000014e   Code   RO         7701    .text               mf_w.l(dadd.o)
    0x080007d6   0x080007d6   0x00000030   Code   RO         7703    .text               mf_w.l(dfixul.o)
    0x08000806   0x08000806   0x00000002   PAD
    0x08000808   0x08000808   0x00000030   Code   RO         7705    .text               mf_w.l(cdrcmple.o)
    0x08000838   0x08000838   0x00000024   Code   RO         7707    .text               mc_w.l(init.o)
    0x0800085c   0x0800085c   0x0000001e   Code   RO         7709    .text               mc_w.l(llshl.o)
    0x0800087a   0x0800087a   0x00000020   Code   RO         7711    .text               mc_w.l(llushr.o)
    0x0800089a   0x0800089a   0x00000024   Code   RO         7713    .text               mc_w.l(llsshr.o)
    0x080008be   0x080008be   0x00000002   PAD
    0x080008c0   0x080008c0   0x0000005c   Code   RO         6801    i.ADC_Init          adc.o
    0x0800091c   0x0800091c   0x0000003c   Code   RO         6802    i.ADC_port_init     adc.o
    0x08000958   0x08000958   0x00000004   Code   RO            4    i.BusFault_Handler  gd32f4xx_it.o
    0x0800095c   0x0800095c   0x00000002   Code   RO            5    i.DebugMon_Handler  gd32f4xx_it.o
    0x0800095e   0x0800095e   0x00000004   Code   RO            6    i.HardFault_Handler  gd32f4xx_it.o
    0x08000962   0x08000962   0x00000002   PAD
    0x08000964   0x08000964   0x00000058   Code   RO         6831    i.I2C_Start         oled.o
    0x080009bc   0x080009bc   0x00000048   Code   RO         6832    i.I2C_Stop          oled.o
    0x08000a04   0x08000a04   0x00000078   Code   RO         6833    i.I2C_WaitAck       oled.o
    0x08000a7c   0x08000a7c   0x00000010   Code   RO         6834    i.IIC_delay         oled.o
    0x08000a8c   0x08000a8c   0x00000064   Code   RO         6352    i.LED_Init          led.o
    0x08000af0   0x08000af0   0x00000004   Code   RO            7    i.MemManage_Handler  gd32f4xx_it.o
    0x08000af4   0x08000af4   0x00000002   Code   RO            8    i.NMI_Handler       gd32f4xx_it.o
    0x08000af6   0x08000af6   0x00000002   PAD
    0x08000af8   0x08000af8   0x00000030   Code   RO         6835    i.OLED_Clear        oled.o
    0x08000b28   0x08000b28   0x00000060   Code   RO         6836    i.OLED_ClearPoint   oled.o
    0x08000b88   0x08000b88   0x0000003c   Code   RO         6843    i.OLED_DrawPoint    oled.o
    0x08000bc4   0x08000bc4   0x00000148   Code   RO         6844    i.OLED_Init         oled.o
    0x08000d0c   0x08000d0c   0x0000004c   Code   RO         6846    i.OLED_Refresh      oled.o
    0x08000d58   0x08000d58   0x000000fc   Code   RO         6848    i.OLED_ShowChar     oled.o
    0x08000e54   0x08000e54   0x00000042   Code   RO         6852    i.OLED_ShowString   oled.o
    0x08000e96   0x08000e96   0x00000038   Code   RO         6854    i.OLED_WR_Byte      oled.o
    0x08000ece   0x08000ece   0x00000002   Code   RO            9    i.PendSV_Handler    gd32f4xx_it.o
    0x08000ed0   0x08000ed0   0x00000008   Code   RO           10    i.SDIO_IRQHandler   gd32f4xx_it.o
    0x08000ed8   0x08000ed8   0x00000002   Code   RO           11    i.SVC_Handler       gd32f4xx_it.o
    0x08000eda   0x08000eda   0x00000002   PAD
    0x08000edc   0x08000edc   0x0000005c   Code   RO         6855    i.Send_Byte         oled.o
    0x08000f38   0x08000f38   0x00000008   Code   RO           12    i.SysTick_Handler   gd32f4xx_it.o
    0x08000f40   0x08000f40   0x000000d4   Code   RO          418    i.SystemInit        system_gd32f4xx.o
    0x08001014   0x08001014   0x000000ac   Code   RO         6758    i.USART0_Config     usart.o
    0x080010c0   0x080010c0   0x00000078   Code   RO         6759    i.USART0_IRQHandler  usart.o
    0x08001138   0x08001138   0x00000004   Code   RO           13    i.UsageFault_Handler  gd32f4xx_it.o
    0x0800113c   0x0800113c   0x00000020   Code   RO         7632    i.__0printf         mc_w.l(printfa.o)
    0x0800115c   0x0800115c   0x00000034   Code   RO         7637    i.__0vsnprintf      mc_w.l(printfa.o)
    0x08001190   0x08001190   0x00000028   Code   RO          306    i.__NVIC_SetPriority  systick.o
    0x080011b8   0x080011b8   0x0000000a   Code   RO         7069    i.__perf_counter_init  perf_counter.o
    0x080011c2   0x080011c2   0x00000002   Code   RO         7070    i.__perf_os_patch_init  perf_counter.o
    0x080011c4   0x080011c4   0x0000000e   Code   RO         7717    i.__scatterload_copy  mc_w.l(handlers.o)
    0x080011d2   0x080011d2   0x00000002   Code   RO         7718    i.__scatterload_null  mc_w.l(handlers.o)
    0x080011d4   0x080011d4   0x0000000e   Code   RO         7719    i.__scatterload_zeroinit  mc_w.l(handlers.o)
    0x080011e2   0x080011e2   0x00000002   PAD
    0x080011e4   0x080011e4   0x00000184   Code   RO         7639    i._fp_digits        mc_w.l(printfa.o)
    0x08001368   0x08001368   0x000006b4   Code   RO         7640    i._printf_core      mc_w.l(printfa.o)
    0x08001a1c   0x08001a1c   0x00000024   Code   RO         7641    i._printf_post_padding  mc_w.l(printfa.o)
    0x08001a40   0x08001a40   0x0000002e   Code   RO         7642    i._printf_pre_padding  mc_w.l(printfa.o)
    0x08001a6e   0x08001a6e   0x00000016   Code   RO         7643    i._snputc           mc_w.l(printfa.o)
    0x08001a84   0x08001a84   0x0000002a   Code   RO          463    i.adc_calibration_enable  gd32f4xx_adc.o
    0x08001aae   0x08001aae   0x00000052   Code   RO          465    i.adc_channel_length_config  gd32f4xx_adc.o
    0x08001b00   0x08001b00   0x00000024   Code   RO          466    i.adc_clock_config  gd32f4xx_adc.o
    0x08001b24   0x08001b24   0x00000016   Code   RO          467    i.adc_data_alignment_config  gd32f4xx_adc.o
    0x08001b3a   0x08001b3a   0x00000014   Code   RO          468    i.adc_deinit        gd32f4xx_adc.o
    0x08001b4e   0x08001b4e   0x00000012   Code   RO          475    i.adc_enable        gd32f4xx_adc.o
    0x08001b60   0x08001b60   0x00000034   Code   RO          477    i.adc_external_trigger_config  gd32f4xx_adc.o
    0x08001b94   0x08001b94   0x00000030   Code   RO          478    i.adc_external_trigger_source_config  gd32f4xx_adc.o
    0x08001bc4   0x08001bc4   0x00000008   Code   RO          479    i.adc_flag_clear    gd32f4xx_adc.o
    0x08001bcc   0x08001bcc   0x0000000e   Code   RO          480    i.adc_flag_get      gd32f4xx_adc.o
    0x08001bda   0x08001bda   0x00000002   PAD
    0x08001bdc   0x08001bdc   0x000000b4   Code   RO          353    i.adc_proc          function.o
    0x08001c90   0x08001c90   0x000000ac   Code   RO          493    i.adc_routine_channel_config  gd32f4xx_adc.o
    0x08001d3c   0x08001d3c   0x00000024   Code   RO          496    i.adc_software_trigger_enable  gd32f4xx_adc.o
    0x08001d60   0x08001d60   0x0000005a   Code   RO          497    i.adc_special_function_config  gd32f4xx_adc.o
    0x08001dba   0x08001dba   0x00000036   Code   RO         7075    i.check_systick     perf_counter.o
    0x08001df0   0x08001df0   0x00000014   Code   RO          307    i.delay_1ms         systick.o
    0x08001e04   0x08001e04   0x00000018   Code   RO          308    i.delay_decrement   systick.o
    0x08001e1c   0x08001e1c   0x00000054   Code   RO         7077    i.delay_ms          perf_counter.o
    0x08001e70   0x08001e70   0x00000024   Code   RO         6761    i.fputc             usart.o
    0x08001e94   0x08001e94   0x00000060   Code   RO         7082    i.get_system_ms     perf_counter.o
    0x08001ef4   0x08001ef4   0x00000060   Code   RO         7083    i.get_system_ticks  perf_counter.o
    0x08001f54   0x08001f54   0x0000005e   Code   RO         2974    i.gpio_af_set       gd32f4xx_gpio.o
    0x08001fb2   0x08001fb2   0x00000004   Code   RO         2975    i.gpio_bit_reset    gd32f4xx_gpio.o
    0x08001fb6   0x08001fb6   0x00000004   Code   RO         2976    i.gpio_bit_set      gd32f4xx_gpio.o
    0x08001fba   0x08001fba   0x0000000a   Code   RO         2978    i.gpio_bit_write    gd32f4xx_gpio.o
    0x08001fc4   0x08001fc4   0x00000010   Code   RO         2980    i.gpio_input_bit_get  gd32f4xx_gpio.o
    0x08001fd4   0x08001fd4   0x0000004e   Code   RO         2982    i.gpio_mode_set     gd32f4xx_gpio.o
    0x08002022   0x08002022   0x00000042   Code   RO         2984    i.gpio_output_options_set  gd32f4xx_gpio.o
    0x08002064   0x08002064   0x00000068   Code   RO         7085    i.init_cycle_counter  perf_counter.o
    0x080020cc   0x080020cc   0x0000007c   Code   RO         6353    i.led_disp          led.o
    0x08002148   0x08002148   0x00000010   Code   RO          355    i.led_proc          function.o
    0x08002158   0x08002158   0x0000002c   Code   RO          217    i.main              main.o
    0x08002184   0x08002184   0x0000003c   Code   RO         7007    i.oled_printf       oled_app.o
    0x080021c0   0x080021c0   0x00000060   Code   RO          358    i.oled_proc         function.o
    0x08002220   0x08002220   0x00000010   Code   RO         7321    i.perfc_port_clear_system_timer_ovf_pending  perfc_port_default.o
    0x08002230   0x08002230   0x0000000c   Code   RO         7094    i.perfc_port_disable_global_interrupt  perf_counter.o
    0x0800223c   0x0800223c   0x00000012   Code   RO         7322    i.perfc_port_get_system_timer_elapsed  perfc_port_default.o
    0x0800224e   0x0800224e   0x00000002   PAD
    0x08002250   0x08002250   0x0000000c   Code   RO         7323    i.perfc_port_get_system_timer_freq  perfc_port_default.o
    0x0800225c   0x0800225c   0x0000000a   Code   RO         7324    i.perfc_port_get_system_timer_top  perfc_port_default.o
    0x08002266   0x08002266   0x00000052   Code   RO         7325    i.perfc_port_init_system_timer  perfc_port_default.o
    0x080022b8   0x080022b8   0x000000c4   Code   RO         7095    i.perfc_port_insert_to_system_timer_insert_ovf_handler  perf_counter.o
    0x0800237c   0x0800237c   0x00000010   Code   RO         7326    i.perfc_port_is_system_timer_ovf_pending  perfc_port_default.o
    0x0800238c   0x0800238c   0x0000000a   Code   RO         7096    i.perfc_port_resume_global_interrupt  perf_counter.o
    0x08002396   0x08002396   0x00000002   PAD
    0x08002398   0x08002398   0x00000084   Code   RO         6446    i.r1_error_check    sdcard.o
    0x0800241c   0x0800241c   0x000000ae   Code   RO         6447    i.r1_error_type_check  sdcard.o
    0x080024ca   0x080024ca   0x00000002   PAD
    0x080024cc   0x080024cc   0x00000124   Code   RO         3776    i.rcu_clock_freq_get  gd32f4xx_rcu.o
    0x080025f0   0x080025f0   0x00000024   Code   RO         3795    i.rcu_periph_clock_enable  gd32f4xx_rcu.o
    0x08002614   0x08002614   0x00000024   Code   RO         3798    i.rcu_periph_reset_disable  gd32f4xx_rcu.o
    0x08002638   0x08002638   0x00000024   Code   RO         3799    i.rcu_periph_reset_enable  gd32f4xx_rcu.o
    0x0800265c   0x0800265c   0x0000000c   Code   RO         7031    i.scheduler_init    scheduler.o
    0x08002668   0x08002668   0x00000058   Code   RO         7032    i.scheduler_run     scheduler.o
    0x080026c0   0x080026c0   0x00000130   Code   RO         6466    i.sd_interrupts_process  sdcard.o
    0x080027f0   0x080027f0   0x00000024   Code   RO         6476    i.sd_transfer_stop  sdcard.o
    0x08002814   0x08002814   0x0000000c   Code   RO         4347    i.sdio_command_index_get  gd32f4xx_sdio.o
    0x08002820   0x08002820   0x00000038   Code   RO         4348    i.sdio_command_response_config  gd32f4xx_sdio.o
    0x08002858   0x08002858   0x00000014   Code   RO         4350    i.sdio_csm_enable   gd32f4xx_sdio.o
    0x0800286c   0x0800286c   0x0000000c   Code   RO         4362    i.sdio_flag_clear   gd32f4xx_sdio.o
    0x08002878   0x08002878   0x00000010   Code   RO         4366    i.sdio_interrupt_disable  gd32f4xx_sdio.o
    0x08002888   0x08002888   0x0000000c   Code   RO         4368    i.sdio_interrupt_flag_clear  gd32f4xx_sdio.o
    0x08002894   0x08002894   0x00000014   Code   RO         4369    i.sdio_interrupt_flag_get  gd32f4xx_sdio.o
    0x080028a8   0x080028a8   0x0000003c   Code   RO         4377    i.sdio_response_get  gd32f4xx_sdio.o
    0x080028e4   0x080028e4   0x0000001c   Code   RO         4382    i.sdio_wait_type_set  gd32f4xx_sdio.o
    0x08002900   0x08002900   0x00000108   Code   RO          419    i.system_clock_240m_25m_hxtal  system_gd32f4xx.o
    0x08002a08   0x08002a08   0x00000008   Code   RO          420    i.system_clock_config  system_gd32f4xx.o
    0x08002a10   0x08002a10   0x00000050   Code   RO          309    i.systick_config    systick.o
    0x08002a60   0x08002a60   0x00000074   Code   RO         7100    i.update_perf_counter  perf_counter.o
    0x08002ad4   0x08002ad4   0x000000e8   Code   RO         5652    i.usart_baudrate_set  gd32f4xx_usart.o
    0x08002bbc   0x08002bbc   0x0000000a   Code   RO         5656    i.usart_data_receive  gd32f4xx_usart.o
    0x08002bc6   0x08002bc6   0x00000008   Code   RO         5657    i.usart_data_transmit  gd32f4xx_usart.o
    0x08002bce   0x08002bce   0x00000002   PAD
    0x08002bd0   0x08002bd0   0x000000dc   Code   RO         5658    i.usart_deinit      gd32f4xx_usart.o
    0x08002cac   0x08002cac   0x0000000a   Code   RO         5662    i.usart_enable      gd32f4xx_usart.o
    0x08002cb6   0x08002cb6   0x00000034   Code   RO         5663    i.usart_flag_clear  gd32f4xx_usart.o
    0x08002cea   0x08002cea   0x0000001e   Code   RO         5664    i.usart_flag_get    gd32f4xx_usart.o
    0x08002d08   0x08002d08   0x00000014   Code   RO         5669    i.usart_hardware_flow_cts_config  gd32f4xx_usart.o
    0x08002d1c   0x08002d1c   0x00000014   Code   RO         5670    i.usart_hardware_flow_rts_config  gd32f4xx_usart.o
    0x08002d30   0x08002d30   0x0000001a   Code   RO         5672    i.usart_interrupt_enable  gd32f4xx_usart.o
    0x08002d4a   0x08002d4a   0x0000001a   Code   RO         5673    i.usart_interrupt_flag_clear  gd32f4xx_usart.o
    0x08002d64   0x08002d64   0x00000038   Code   RO         5674    i.usart_interrupt_flag_get  gd32f4xx_usart.o
    0x08002d9c   0x08002d9c   0x00000010   Code   RO         5687    i.usart_parity_config  gd32f4xx_usart.o
    0x08002dac   0x08002dac   0x00000010   Code   RO         5689    i.usart_receive_config  gd32f4xx_usart.o
    0x08002dbc   0x08002dbc   0x0000000e   Code   RO         5691    i.usart_receiver_timeout_enable  gd32f4xx_usart.o
    0x08002dca   0x08002dca   0x00000014   Code   RO         5692    i.usart_receiver_timeout_threshold_config  gd32f4xx_usart.o
    0x08002dde   0x08002dde   0x00000010   Code   RO         5700    i.usart_stop_bit_set  gd32f4xx_usart.o
    0x08002dee   0x08002dee   0x00000010   Code   RO         5704    i.usart_transmit_config  gd32f4xx_usart.o
    0x08002dfe   0x08002dfe   0x00000010   Code   RO         5705    i.usart_word_length_set  gd32f4xx_usart.o
    0x08002e0e   0x08002e0e   0x00001fd8   Data   RO         6857    .constdata          oled.o
    0x08004de6   0x08004de6   0x00000002   PAD
    0x08004de8   0x08004de8   0x00000020   Data   RO         7715    Region$$Table       anon$$obj.o
    0x08004e08   0x08004e08   0x00000004   Data   RO         7102    .init_array         perf_counter.o
    0x08004e0c   0x08004e08   0x00000000   Data   RO         7661    .init_array         mc_w.l(cpp_init.o)


    Execution Region RW_IRAM1 (Exec base: 0x20000000, Load base: 0x08004e0c, Size: 0x00000e58, Max: 0x00030000, ABSOLUTE)

    Exec Addr    Load Addr    Size         Type   Attr      Idx    E Section Name        Object

    0x20000000   0x08004e0c   0x00000004   Data   RW          310    .data               systick.o
    0x20000004   0x08004e10   0x00000028   Data   RW          361    .data               function.o
    0x2000002c   0x08004e38   0x00000004   Data   RW          421    .data               system_gd32f4xx.o
    0x20000030   0x08004e3c   0x00000001   Data   RW         6354    .data               led.o
    0x20000031   0x08004e3d   0x00000003   PAD
    0x20000034   0x08004e40   0x00000024   Data   RW         6478    .data               sdcard.o
    0x20000058   0x08004e64   0x00000028   Data   RW         7033    .data               scheduler.o
    0x20000080   0x08004e8c   0x00000040   Data   RW         7101    .data               perf_counter.o
    0x200000c0   0x08004ecc   0x00000004   Data   RW         7691    .data               mc_w.l(stdout.o)
    0x200000c4        -       0x00000754   Zero   RW          360    .bss                function.o
    0x20000818        -       0x00000240   Zero   RW         6856    .bss                oled.o
    0x20000a58        -       0x00000400   Zero   RW         6056    STACK               startup_gd32f450_470.o


==============================================================================

Image component sizes


      Code (inc. data)   RO Data    RW Data    ZI Data      Debug   Object Name

       152         14          0          0          0       1035   adc.o
       292        104          0         40       1876       3049   function.o
       640          8          0          0          0       9094   gd32f4xx_adc.o
       272          0          0          0          0       5210   gd32f4xx_gpio.o
        40          0          0          0          0      54376   gd32f4xx_it.o
       400         40          0          0          0       3872   gd32f4xx_rcu.o
       236         44          0          0          0       5784   gd32f4xx_sdio.o
       824         18          0          0          0      13257   gd32f4xx_usart.o
       224         22          0          1          0       1638   led.o
        44          0          0          0          0       5435   main.o
      1370         58       8152          0        576       9946   oled.o
        60          0          0          0          0        766   oled_app.o
       780        100          4         64          0      23926   perf_counter.o
       154         18          0          0          0       6625   perfc_port_default.o
       100         14          0         40          0       1872   scheduler.o
       646         30          0         36          0       9928   sdcard.o
        36          8        428          0       1024        892   startup_gd32f450_470.o
       484         32          0          4          0       3007   system_gd32f4xx.o
       164         24          0          4          0      32938   systick.o
        32         10          0          0          0        592   systick_wrapper_ual.o
       328         38          0          0          0       1796   usart.o

    ----------------------------------------------------------------------
      7294        582       8618        192       3476     195038   Object Totals
         0          0         32          0          0          0   (incl. Generated)
        16          0          2          3          0          0   (incl. Padding)

    ----------------------------------------------------------------------

      Code (inc. data)   RO Data    RW Data    ZI Data      Debug   Library Member Name

        32         10          0          0          0         80   cpp_init.o
         0          0          0          0          0          0   entry.o
         0          0          0          0          0          0   entry10a.o
         0          0          0          0          0          0   entry11a.o
         4          0          0          0          0          0   entry12b.o
         8          4          0          0          0          0   entry2.o
         4          0          0          0          0          0   entry5.o
         0          0          0          0          0          0   entry7b.o
         4          0          0          0          0          0   entry8a.o
         0          0          0          0          0          0   entry8b.o
         8          4          0          0          0          0   entry9a.o
        30          0          0          0          0          0   handlers.o
        36          8          0          0          0         68   init.o
         0          0          0          0          0          0   iusefp.o
        98          0          0          0          0         84   ldiv.o
        30          0          0          0          0         68   llshl.o
        36          0          0          0          0         68   llsshr.o
        32          0          0          0          0         68   llushr.o
      2292         96          0          0          0        612   printfa.o
         0          0          0          4          0          0   stdout.o
        44          0          0          0          0         80   uidiv.o
        98          0          0          0          0         92   uldiv.o
        48          0          0          0          0         68   cdrcmple.o
        56          0          0          0          0         88   d2f.o
       334          0          0          0          0        148   dadd.o
       222          0          0          0          0        100   ddiv.o
       186          0          0          0          0        176   depilogue.o
        48          0          0          0          0         68   dfixul.o
        34          0          0          0          0         76   dflti.o
       228          0          0          0          0         96   dmul.o
        38          0          0          0          0         68   f2d.o
       110          0          0          0          0        168   fepilogue.o

    ----------------------------------------------------------------------
      4068        122          0          4          0       2276   Library Totals
         8          0          0          0          0          0   (incl. Padding)

    ----------------------------------------------------------------------

      Code (inc. data)   RO Data    RW Data    ZI Data      Debug   Library Name

      2756        122          0          4          0       1220   mc_w.l
      1304          0          0          0          0       1056   mf_w.l

    ----------------------------------------------------------------------
      4068        122          0          4          0       2276   Library Totals

    ----------------------------------------------------------------------

==============================================================================


      Code (inc. data)   RO Data    RW Data    ZI Data      Debug   

     11362        704       8618        196       3476     185174   Grand Totals
     11362        704       8618        196       3476     185174   ELF Image Totals
     11362        704       8618        196          0          0   ROM Totals

==============================================================================

    Total RO  Size (Code + RO Data)                19980 (  19.51kB)
    Total RW  Size (RW Data + ZI Data)              3672 (   3.59kB)
    Total ROM Size (Code + RO Data + RW Data)      20176 (  19.70kB)

==============================================================================

