<html>
<body>
<pre>
<h1>µVision Build Log</h1>
<h2>Tool Versions:</h2>
IDE-Version: ¦ÌVision V5.38.0.0
Copyright (C) 2022 ARM Ltd and ARM Germany GmbH. All rights reserved.
License Information: 1 8618866969750, 1, LIC=65ISZ-JEW4K-56PQ2-9K6GZ-8IHFW-M4527
 
Tool Versions:
Toolchain:       MDK-ARM Plus  Version: 5.38.0.0
Toolchain Path:  D:\programFile\MDK\Core\ARM\ARMCC\Bin
C Compiler:      Armcc.exe V5.06 update 7 (build 960)
Assembler:       Armasm.exe V5.06 update 7 (build 960)
Linker/Locator:  ArmLink.exe V5.06 update 7 (build 960)
Library Manager: ArmAr.exe V5.06 update 7 (build 960)
Hex Converter:   FromElf.exe V5.06 update 7 (build 960)
CPU DLL:         SARMCM3.DLL V5.38.0.0
Dialog DLL:      DCM.DLL V1.17.5.0
Target DLL:      CMSIS_AGDI.dll V1.33.15.0
Dialog DLL:      TCM.DLL V1.56.4.0
 
<h2>Project:</h2>
D:\Embedded_code_GD32\practice\CIMC_GD32_test06_scheduler\project\CIMC_GD32_fatfs_driver.uvprojx
Project File Date:  06/06/2025

<h2>Output:</h2>
*** Using Compiler 'V5.06 update 7 (build 960)', folder: 'D:\programFile\MDK\Core\ARM\ARMCC\Bin'
Build target 'CIMC_GD32_fatfs_driver'
compiling Function.c...
linking...
Program Size: Code=11362 RO-data=8618 RW-data=196 ZI-data=3476  
".\Objects\CIMC_GD32_fatfs_driver.axf" - 0 Error(s), 0 Warning(s).

<h2>Software Packages used:</h2>

Package Vendor: ARM
                http://www.keil.com/pack/ARM.CMSIS.5.9.0.pack
                ARM.CMSIS.5.9.0
                CMSIS (Common Microcontroller Software Interface Standard)
   * Component: CORE Version: 5.6.0

Package Vendor: GigaDevice
                https://gd32mcu.com/data/documents/pack/GigaDevice.GD32F4xx_DFP.3.0.3.pack
                GigaDevice.GD32F4xx_DFP.3.0.3
                GigaDevice GD32F4xx Series Device Support and Examples

Package Vendor: GorgonMeducer
                https://raw.githubusercontent.com/GorgonMeducer/perf_counter/CMSIS-Pack/cmsis-pack/GorgonMeducer.perf_counter.2.3.3.pack
                GorgonMeducer.perf_counter.2.3.3
                A dedicated performance counter for the Cortex-M Systick. It shares the SysTick with users' original SysTick function without interfering with it. This library will bring new functionalities, such as performance counter, APIs for delay, clock() defined in time.h etc.
   * Component: Core Variant: Source Version: 2.3.3

<h2>Collection of Component include folders:</h2>
  ./RTE/_CIMC_GD32_fatfs_driver
  D:/programFile/MDK/Pack/ARM/CMSIS/5.9.0/CMSIS/Core/Include
  D:/programFile/MDK/Pack/GigaDevice/GD32F4xx_DFP/3.0.3/Device/F4XX/Include
  D:/programFile/MDK/Pack/GorgonMeducer/perf_counter/2.3.3

<h2>Collection of Component Files used:</h2>

   * Component: ARM::CMSIS:CORE:5.6.0

   * Component: GorgonMeducer::Utilities:perf_counter:Core:Source:2.3.3
      Source file:   perf_counter.c
      Source file:   systick_wrapper_ual.s
      Source file:   perfc_port_default.c
      Include file:  perf_counter.h
Build Time Elapsed:  00:00:02
</pre>
</body>
</html>
